15:25:58.017 Loaded default TestExecutionListener class names from location [META-INF/spring.factories]: [org.springframework.test.context.web.ServletTestExecutionListener, org.springframework.test.context.support.DirtiesContextBeforeModesTestExecutionListener, org.springframework.test.context.support.DependencyInjectionTestExecutionListener, org.springframework.test.context.support.DirtiesContextTestExecutionListener, org.springframework.test.context.transaction.TransactionalTestExecutionListener, org.springframework.test.context.jdbc.SqlScriptsTestExecutionListener]
15:25:58.053 Using TestExecutionListeners: [org.springframework.test.context.web.ServletTestExecutionListener@2eda0940, org.springframework.test.context.support.DirtiesContextBeforeModesTestExecutionListener@3578436e, org.springframework.test.context.support.DependencyInjectionTestExecutionListener@706a04ae, org.springframework.test.context.support.DirtiesContextTestExecutionListener@6eceb130, org.springframework.test.context.transaction.TransactionalTestExecutionListener@10a035a0, org.springframework.test.context.jdbc.SqlScriptsTestExecutionListener@67b467e9]
15:25:58.156 Loading XML bean definitions from class path resource [applicationContext-mysql-beetlsql.xml]
15:25:58.333 Refreshing org.springframework.context.support.GenericApplicationContext@70a9f84e: startup date [Thu Sep 01 15:25:58 CST 2016]; root of context hierarchy
15:25:58.427 Loading properties file from class path resource [mysql-application.properties]
15:25:58.702 init datasource error, url: jdbc:mysql://127.0.0.1:3306/orm?useUnicode=true&amp;characterEncoding=UTF-8
java.sql.SQLException: Access denied for user 'orm'@'localhost' (using password: YES)
	at com.mysql.jdbc.SQLError.createSQLException(SQLError.java:946) ~[mysql-connector-java-5.0.5.jar:na]
	at com.mysql.jdbc.MysqlIO.checkErrorPacket(MysqlIO.java:2941) ~[mysql-connector-java-5.0.5.jar:na]
	at com.mysql.jdbc.MysqlIO.checkErrorPacket(MysqlIO.java:868) ~[mysql-connector-java-5.0.5.jar:na]
	at com.mysql.jdbc.MysqlIO.secureAuth411(MysqlIO.java:3340) ~[mysql-connector-java-5.0.5.jar:na]
	at com.mysql.jdbc.MysqlIO.doHandshake(MysqlIO.java:1238) ~[mysql-connector-java-5.0.5.jar:na]
	at com.mysql.jdbc.Connection.createNewIO(Connection.java:2743) ~[mysql-connector-java-5.0.5.jar:na]
	at com.mysql.jdbc.Connection.<init>(Connection.java:1553) ~[mysql-connector-java-5.0.5.jar:na]
	at com.mysql.jdbc.NonRegisteringDriver.connect(NonRegisteringDriver.java:266) ~[mysql-connector-java-5.0.5.jar:na]
	at com.alibaba.druid.filter.FilterChainImpl.connection_connect(FilterChainImpl.java:148) ~[druid-1.0.15.jar:1.0.15]
	at com.alibaba.druid.filter.stat.StatFilter.connection_connect(StatFilter.java:211) ~[druid-1.0.15.jar:1.0.15]
	at com.alibaba.druid.filter.FilterChainImpl.connection_connect(FilterChainImpl.java:142) ~[druid-1.0.15.jar:1.0.15]
	at com.alibaba.druid.pool.DruidAbstractDataSource.createPhysicalConnection(DruidAbstractDataSource.java:1377) ~[druid-1.0.15.jar:1.0.15]
	at com.alibaba.druid.pool.DruidAbstractDataSource.createPhysicalConnection(DruidAbstractDataSource.java:1431) ~[druid-1.0.15.jar:1.0.15]
	at com.alibaba.druid.pool.DruidDataSource.init(DruidDataSource.java:632) ~[druid-1.0.15.jar:1.0.15]
	at sun.reflect.NativeMethodAccessorImpl.invoke0(Native Method) ~[na:1.8.0_73]
	at sun.reflect.NativeMethodAccessorImpl.invoke(NativeMethodAccessorImpl.java:62) ~[na:1.8.0_73]
	at sun.reflect.DelegatingMethodAccessorImpl.invoke(DelegatingMethodAccessorImpl.java:43) ~[na:1.8.0_73]
	at java.lang.reflect.Method.invoke(Method.java:497) ~[na:1.8.0_73]
	at org.springframework.beans.factory.support.AbstractAutowireCapableBeanFactory.invokeCustomInitMethod(AbstractAutowireCapableBeanFactory.java:1706) [spring-beans-4.2.3.RELEASE.jar:4.2.3.RELEASE]
	at org.springframework.beans.factory.support.AbstractAutowireCapableBeanFactory.invokeInitMethods(AbstractAutowireCapableBeanFactory.java:1645) [spring-beans-4.2.3.RELEASE.jar:4.2.3.RELEASE]
	at org.springframework.beans.factory.support.AbstractAutowireCapableBeanFactory.initializeBean(AbstractAutowireCapableBeanFactory.java:1574) [spring-beans-4.2.3.RELEASE.jar:4.2.3.RELEASE]
	at org.springframework.beans.factory.support.AbstractAutowireCapableBeanFactory.doCreateBean(AbstractAutowireCapableBeanFactory.java:545) [spring-beans-4.2.3.RELEASE.jar:4.2.3.RELEASE]
	at org.springframework.beans.factory.support.AbstractAutowireCapableBeanFactory.createBean(AbstractAutowireCapableBeanFactory.java:482) [spring-beans-4.2.3.RELEASE.jar:4.2.3.RELEASE]
	at org.springframework.beans.factory.support.AbstractBeanFactory$1.getObject(AbstractBeanFactory.java:306) [spring-beans-4.2.3.RELEASE.jar:4.2.3.RELEASE]
	at org.springframework.beans.factory.support.DefaultSingletonBeanRegistry.getSingleton(DefaultSingletonBeanRegistry.java:230) [spring-beans-4.2.3.RELEASE.jar:4.2.3.RELEASE]
	at org.springframework.beans.factory.support.AbstractBeanFactory.doGetBean(AbstractBeanFactory.java:302) [spring-beans-4.2.3.RELEASE.jar:4.2.3.RELEASE]
	at org.springframework.beans.factory.support.AbstractBeanFactory.getBean(AbstractBeanFactory.java:197) [spring-beans-4.2.3.RELEASE.jar:4.2.3.RELEASE]
	at org.springframework.beans.factory.support.DefaultListableBeanFactory.preInstantiateSingletons(DefaultListableBeanFactory.java:772) [spring-beans-4.2.3.RELEASE.jar:4.2.3.RELEASE]
	at org.springframework.context.support.AbstractApplicationContext.finishBeanFactoryInitialization(AbstractApplicationContext.java:838) [spring-context-4.2.3.RELEASE.jar:4.2.3.RELEASE]
	at org.springframework.context.support.AbstractApplicationContext.refresh(AbstractApplicationContext.java:537) [spring-context-4.2.3.RELEASE.jar:4.2.3.RELEASE]
	at org.springframework.test.context.support.AbstractGenericContextLoader.loadContext(AbstractGenericContextLoader.java:125) [spring-test-4.2.3.RELEASE.jar:4.2.3.RELEASE]
	at org.springframework.test.context.support.AbstractGenericContextLoader.loadContext(AbstractGenericContextLoader.java:60) [spring-test-4.2.3.RELEASE.jar:4.2.3.RELEASE]
	at org.springframework.test.context.support.AbstractDelegatingSmartContextLoader.delegateLoading(AbstractDelegatingSmartContextLoader.java:109) [spring-test-4.2.3.RELEASE.jar:4.2.3.RELEASE]
	at org.springframework.test.context.support.AbstractDelegatingSmartContextLoader.loadContext(AbstractDelegatingSmartContextLoader.java:261) [spring-test-4.2.3.RELEASE.jar:4.2.3.RELEASE]
	at org.springframework.test.context.cache.DefaultCacheAwareContextLoaderDelegate.loadContextInternal(DefaultCacheAwareContextLoaderDelegate.java:98) [spring-test-4.2.3.RELEASE.jar:4.2.3.RELEASE]
	at org.springframework.test.context.cache.DefaultCacheAwareContextLoaderDelegate.loadContext(DefaultCacheAwareContextLoaderDelegate.java:116) [spring-test-4.2.3.RELEASE.jar:4.2.3.RELEASE]
	at org.springframework.test.context.support.DefaultTestContext.getApplicationContext(DefaultTestContext.java:83) [spring-test-4.2.3.RELEASE.jar:4.2.3.RELEASE]
	at org.springframework.test.context.support.DependencyInjectionTestExecutionListener.injectDependencies(DependencyInjectionTestExecutionListener.java:117) [spring-test-4.2.3.RELEASE.jar:4.2.3.RELEASE]
	at org.springframework.test.context.support.DependencyInjectionTestExecutionListener.prepareTestInstance(DependencyInjectionTestExecutionListener.java:83) [spring-test-4.2.3.RELEASE.jar:4.2.3.RELEASE]
	at org.springframework.test.context.TestContextManager.prepareTestInstance(TestContextManager.java:228) [spring-test-4.2.3.RELEASE.jar:4.2.3.RELEASE]
	at org.springframework.test.context.junit4.SpringJUnit4ClassRunner.createTest(SpringJUnit4ClassRunner.java:230) [spring-test-4.2.3.RELEASE.jar:4.2.3.RELEASE]
	at org.springframework.test.context.junit4.SpringJUnit4ClassRunner$1.runReflectiveCall(SpringJUnit4ClassRunner.java:289) [spring-test-4.2.3.RELEASE.jar:4.2.3.RELEASE]
	at org.junit.internal.runners.model.ReflectiveCallable.run(ReflectiveCallable.java:12) [junit-4.12.jar:4.12]
	at org.springframework.test.context.junit4.SpringJUnit4ClassRunner.methodBlock(SpringJUnit4ClassRunner.java:291) [spring-test-4.2.3.RELEASE.jar:4.2.3.RELEASE]
	at org.springframework.test.context.junit4.SpringJUnit4ClassRunner.runChild(SpringJUnit4ClassRunner.java:249) [spring-test-4.2.3.RELEASE.jar:4.2.3.RELEASE]
	at org.springframework.test.context.junit4.SpringJUnit4ClassRunner.runChild(SpringJUnit4ClassRunner.java:89) [spring-test-4.2.3.RELEASE.jar:4.2.3.RELEASE]
	at org.junit.runners.ParentRunner$3.run(ParentRunner.java:290) [junit-4.12.jar:4.12]
	at org.junit.runners.ParentRunner$1.schedule(ParentRunner.java:71) [junit-4.12.jar:4.12]
	at org.junit.runners.ParentRunner.runChildren(ParentRunner.java:288) [junit-4.12.jar:4.12]
	at org.junit.runners.ParentRunner.access$000(ParentRunner.java:58) [junit-4.12.jar:4.12]
	at org.junit.runners.ParentRunner$2.evaluate(ParentRunner.java:268) [junit-4.12.jar:4.12]
	at org.junit.internal.runners.statements.RunBefores.evaluate(RunBefores.java:26) [junit-4.12.jar:4.12]
	at org.springframework.test.context.junit4.statements.RunBeforeTestClassCallbacks.evaluate(RunBeforeTestClassCallbacks.java:61) [spring-test-4.2.3.RELEASE.jar:4.2.3.RELEASE]
	at org.springframework.test.context.junit4.statements.RunAfterTestClassCallbacks.evaluate(RunAfterTestClassCallbacks.java:70) [spring-test-4.2.3.RELEASE.jar:4.2.3.RELEASE]
	at org.junit.runners.ParentRunner.run(ParentRunner.java:363) [junit-4.12.jar:4.12]
	at org.springframework.test.context.junit4.SpringJUnit4ClassRunner.run(SpringJUnit4ClassRunner.java:193) [spring-test-4.2.3.RELEASE.jar:4.2.3.RELEASE]
	at org.eclipse.jdt.internal.junit4.runner.JUnit4TestReference.run(JUnit4TestReference.java:86) [.cp/:na]
	at org.eclipse.jdt.internal.junit.runner.TestExecution.run(TestExecution.java:38) [.cp/:na]
	at org.eclipse.jdt.internal.junit.runner.RemoteTestRunner.runTests(RemoteTestRunner.java:459) [.cp/:na]
	at org.eclipse.jdt.internal.junit.runner.RemoteTestRunner.runTests(RemoteTestRunner.java:675) [.cp/:na]
	at org.eclipse.jdt.internal.junit.runner.RemoteTestRunner.run(RemoteTestRunner.java:382) [.cp/:na]
	at org.eclipse.jdt.internal.junit.runner.RemoteTestRunner.main(RemoteTestRunner.java:192) [.cp/:na]
15:25:58.722 dataSource init error
java.sql.SQLException: Access denied for user 'orm'@'localhost' (using password: YES)
	at com.mysql.jdbc.SQLError.createSQLException(SQLError.java:946) ~[mysql-connector-java-5.0.5.jar:na]
	at com.mysql.jdbc.MysqlIO.checkErrorPacket(MysqlIO.java:2941) ~[mysql-connector-java-5.0.5.jar:na]
	at com.mysql.jdbc.MysqlIO.checkErrorPacket(MysqlIO.java:868) ~[mysql-connector-java-5.0.5.jar:na]
	at com.mysql.jdbc.MysqlIO.secureAuth411(MysqlIO.java:3340) ~[mysql-connector-java-5.0.5.jar:na]
	at com.mysql.jdbc.MysqlIO.doHandshake(MysqlIO.java:1238) ~[mysql-connector-java-5.0.5.jar:na]
	at com.mysql.jdbc.Connection.createNewIO(Connection.java:2743) ~[mysql-connector-java-5.0.5.jar:na]
	at com.mysql.jdbc.Connection.<init>(Connection.java:1553) ~[mysql-connector-java-5.0.5.jar:na]
	at com.mysql.jdbc.NonRegisteringDriver.connect(NonRegisteringDriver.java:266) ~[mysql-connector-java-5.0.5.jar:na]
	at com.alibaba.druid.filter.FilterChainImpl.connection_connect(FilterChainImpl.java:148) ~[druid-1.0.15.jar:1.0.15]
	at com.alibaba.druid.filter.stat.StatFilter.connection_connect(StatFilter.java:211) ~[druid-1.0.15.jar:1.0.15]
	at com.alibaba.druid.filter.FilterChainImpl.connection_connect(FilterChainImpl.java:142) ~[druid-1.0.15.jar:1.0.15]
	at com.alibaba.druid.pool.DruidAbstractDataSource.createPhysicalConnection(DruidAbstractDataSource.java:1377) ~[druid-1.0.15.jar:1.0.15]
	at com.alibaba.druid.pool.DruidAbstractDataSource.createPhysicalConnection(DruidAbstractDataSource.java:1431) ~[druid-1.0.15.jar:1.0.15]
	at com.alibaba.druid.pool.DruidDataSource.init(DruidDataSource.java:632) ~[druid-1.0.15.jar:1.0.15]
	at sun.reflect.NativeMethodAccessorImpl.invoke0(Native Method) ~[na:1.8.0_73]
	at sun.reflect.NativeMethodAccessorImpl.invoke(NativeMethodAccessorImpl.java:62) ~[na:1.8.0_73]
	at sun.reflect.DelegatingMethodAccessorImpl.invoke(DelegatingMethodAccessorImpl.java:43) ~[na:1.8.0_73]
	at java.lang.reflect.Method.invoke(Method.java:497) ~[na:1.8.0_73]
	at org.springframework.beans.factory.support.AbstractAutowireCapableBeanFactory.invokeCustomInitMethod(AbstractAutowireCapableBeanFactory.java:1706) [spring-beans-4.2.3.RELEASE.jar:4.2.3.RELEASE]
	at org.springframework.beans.factory.support.AbstractAutowireCapableBeanFactory.invokeInitMethods(AbstractAutowireCapableBeanFactory.java:1645) [spring-beans-4.2.3.RELEASE.jar:4.2.3.RELEASE]
	at org.springframework.beans.factory.support.AbstractAutowireCapableBeanFactory.initializeBean(AbstractAutowireCapableBeanFactory.java:1574) [spring-beans-4.2.3.RELEASE.jar:4.2.3.RELEASE]
	at org.springframework.beans.factory.support.AbstractAutowireCapableBeanFactory.doCreateBean(AbstractAutowireCapableBeanFactory.java:545) [spring-beans-4.2.3.RELEASE.jar:4.2.3.RELEASE]
	at org.springframework.beans.factory.support.AbstractAutowireCapableBeanFactory.createBean(AbstractAutowireCapableBeanFactory.java:482) [spring-beans-4.2.3.RELEASE.jar:4.2.3.RELEASE]
	at org.springframework.beans.factory.support.AbstractBeanFactory$1.getObject(AbstractBeanFactory.java:306) [spring-beans-4.2.3.RELEASE.jar:4.2.3.RELEASE]
	at org.springframework.beans.factory.support.DefaultSingletonBeanRegistry.getSingleton(DefaultSingletonBeanRegistry.java:230) [spring-beans-4.2.3.RELEASE.jar:4.2.3.RELEASE]
	at org.springframework.beans.factory.support.AbstractBeanFactory.doGetBean(AbstractBeanFactory.java:302) [spring-beans-4.2.3.RELEASE.jar:4.2.3.RELEASE]
	at org.springframework.beans.factory.support.AbstractBeanFactory.getBean(AbstractBeanFactory.java:197) [spring-beans-4.2.3.RELEASE.jar:4.2.3.RELEASE]
	at org.springframework.beans.factory.support.DefaultListableBeanFactory.preInstantiateSingletons(DefaultListableBeanFactory.java:772) [spring-beans-4.2.3.RELEASE.jar:4.2.3.RELEASE]
	at org.springframework.context.support.AbstractApplicationContext.finishBeanFactoryInitialization(AbstractApplicationContext.java:838) [spring-context-4.2.3.RELEASE.jar:4.2.3.RELEASE]
	at org.springframework.context.support.AbstractApplicationContext.refresh(AbstractApplicationContext.java:537) [spring-context-4.2.3.RELEASE.jar:4.2.3.RELEASE]
	at org.springframework.test.context.support.AbstractGenericContextLoader.loadContext(AbstractGenericContextLoader.java:125) [spring-test-4.2.3.RELEASE.jar:4.2.3.RELEASE]
	at org.springframework.test.context.support.AbstractGenericContextLoader.loadContext(AbstractGenericContextLoader.java:60) [spring-test-4.2.3.RELEASE.jar:4.2.3.RELEASE]
	at org.springframework.test.context.support.AbstractDelegatingSmartContextLoader.delegateLoading(AbstractDelegatingSmartContextLoader.java:109) [spring-test-4.2.3.RELEASE.jar:4.2.3.RELEASE]
	at org.springframework.test.context.support.AbstractDelegatingSmartContextLoader.loadContext(AbstractDelegatingSmartContextLoader.java:261) [spring-test-4.2.3.RELEASE.jar:4.2.3.RELEASE]
	at org.springframework.test.context.cache.DefaultCacheAwareContextLoaderDelegate.loadContextInternal(DefaultCacheAwareContextLoaderDelegate.java:98) [spring-test-4.2.3.RELEASE.jar:4.2.3.RELEASE]
	at org.springframework.test.context.cache.DefaultCacheAwareContextLoaderDelegate.loadContext(DefaultCacheAwareContextLoaderDelegate.java:116) [spring-test-4.2.3.RELEASE.jar:4.2.3.RELEASE]
	at org.springframework.test.context.support.DefaultTestContext.getApplicationContext(DefaultTestContext.java:83) [spring-test-4.2.3.RELEASE.jar:4.2.3.RELEASE]
	at org.springframework.test.context.support.DependencyInjectionTestExecutionListener.injectDependencies(DependencyInjectionTestExecutionListener.java:117) [spring-test-4.2.3.RELEASE.jar:4.2.3.RELEASE]
	at org.springframework.test.context.support.DependencyInjectionTestExecutionListener.prepareTestInstance(DependencyInjectionTestExecutionListener.java:83) [spring-test-4.2.3.RELEASE.jar:4.2.3.RELEASE]
	at org.springframework.test.context.TestContextManager.prepareTestInstance(TestContextManager.java:228) [spring-test-4.2.3.RELEASE.jar:4.2.3.RELEASE]
	at org.springframework.test.context.junit4.SpringJUnit4ClassRunner.createTest(SpringJUnit4ClassRunner.java:230) [spring-test-4.2.3.RELEASE.jar:4.2.3.RELEASE]
	at org.springframework.test.context.junit4.SpringJUnit4ClassRunner$1.runReflectiveCall(SpringJUnit4ClassRunner.java:289) [spring-test-4.2.3.RELEASE.jar:4.2.3.RELEASE]
	at org.junit.internal.runners.model.ReflectiveCallable.run(ReflectiveCallable.java:12) [junit-4.12.jar:4.12]
	at org.springframework.test.context.junit4.SpringJUnit4ClassRunner.methodBlock(SpringJUnit4ClassRunner.java:291) [spring-test-4.2.3.RELEASE.jar:4.2.3.RELEASE]
	at org.springframework.test.context.junit4.SpringJUnit4ClassRunner.runChild(SpringJUnit4ClassRunner.java:249) [spring-test-4.2.3.RELEASE.jar:4.2.3.RELEASE]
	at org.springframework.test.context.junit4.SpringJUnit4ClassRunner.runChild(SpringJUnit4ClassRunner.java:89) [spring-test-4.2.3.RELEASE.jar:4.2.3.RELEASE]
	at org.junit.runners.ParentRunner$3.run(ParentRunner.java:290) [junit-4.12.jar:4.12]
	at org.junit.runners.ParentRunner$1.schedule(ParentRunner.java:71) [junit-4.12.jar:4.12]
	at org.junit.runners.ParentRunner.runChildren(ParentRunner.java:288) [junit-4.12.jar:4.12]
	at org.junit.runners.ParentRunner.access$000(ParentRunner.java:58) [junit-4.12.jar:4.12]
	at org.junit.runners.ParentRunner$2.evaluate(ParentRunner.java:268) [junit-4.12.jar:4.12]
	at org.junit.internal.runners.statements.RunBefores.evaluate(RunBefores.java:26) [junit-4.12.jar:4.12]
	at org.springframework.test.context.junit4.statements.RunBeforeTestClassCallbacks.evaluate(RunBeforeTestClassCallbacks.java:61) [spring-test-4.2.3.RELEASE.jar:4.2.3.RELEASE]
	at org.springframework.test.context.junit4.statements.RunAfterTestClassCallbacks.evaluate(RunAfterTestClassCallbacks.java:70) [spring-test-4.2.3.RELEASE.jar:4.2.3.RELEASE]
	at org.junit.runners.ParentRunner.run(ParentRunner.java:363) [junit-4.12.jar:4.12]
	at org.springframework.test.context.junit4.SpringJUnit4ClassRunner.run(SpringJUnit4ClassRunner.java:193) [spring-test-4.2.3.RELEASE.jar:4.2.3.RELEASE]
	at org.eclipse.jdt.internal.junit4.runner.JUnit4TestReference.run(JUnit4TestReference.java:86) [.cp/:na]
	at org.eclipse.jdt.internal.junit.runner.TestExecution.run(TestExecution.java:38) [.cp/:na]
	at org.eclipse.jdt.internal.junit.runner.RemoteTestRunner.runTests(RemoteTestRunner.java:459) [.cp/:na]
	at org.eclipse.jdt.internal.junit.runner.RemoteTestRunner.runTests(RemoteTestRunner.java:675) [.cp/:na]
	at org.eclipse.jdt.internal.junit.runner.RemoteTestRunner.run(RemoteTestRunner.java:382) [.cp/:na]
	at org.eclipse.jdt.internal.junit.runner.RemoteTestRunner.main(RemoteTestRunner.java:192) [.cp/:na]
15:25:58.723 {dataSource-1} inited
15:25:58.724 Exception encountered during context initialization - cancelling refresh attempt: org.springframework.beans.factory.BeanCreationException: Error creating bean with name 'dataSource' defined in class path resource [applicationContext-mysql-beetlsql.xml]: Invocation of init method failed; nested exception is java.sql.SQLException: Access denied for user 'orm'@'localhost' (using password: YES)
15:25:58.730 Caught exception while allowing TestExecutionListener [org.springframework.test.context.support.DependencyInjectionTestExecutionListener@706a04ae] to prepare test instance [org.beetl.sql.test.mysql.BaseMySqlTest@134593bf]
java.lang.IllegalStateException: Failed to load ApplicationContext
	at org.springframework.test.context.cache.DefaultCacheAwareContextLoaderDelegate.loadContext(DefaultCacheAwareContextLoaderDelegate.java:124) ~[spring-test-4.2.3.RELEASE.jar:4.2.3.RELEASE]
	at org.springframework.test.context.support.DefaultTestContext.getApplicationContext(DefaultTestContext.java:83) ~[spring-test-4.2.3.RELEASE.jar:4.2.3.RELEASE]
	at org.springframework.test.context.support.DependencyInjectionTestExecutionListener.injectDependencies(DependencyInjectionTestExecutionListener.java:117) ~[spring-test-4.2.3.RELEASE.jar:4.2.3.RELEASE]
	at org.springframework.test.context.support.DependencyInjectionTestExecutionListener.prepareTestInstance(DependencyInjectionTestExecutionListener.java:83) ~[spring-test-4.2.3.RELEASE.jar:4.2.3.RELEASE]
	at org.springframework.test.context.TestContextManager.prepareTestInstance(TestContextManager.java:228) ~[spring-test-4.2.3.RELEASE.jar:4.2.3.RELEASE]
	at org.springframework.test.context.junit4.SpringJUnit4ClassRunner.createTest(SpringJUnit4ClassRunner.java:230) [spring-test-4.2.3.RELEASE.jar:4.2.3.RELEASE]
	at org.springframework.test.context.junit4.SpringJUnit4ClassRunner$1.runReflectiveCall(SpringJUnit4ClassRunner.java:289) [spring-test-4.2.3.RELEASE.jar:4.2.3.RELEASE]
	at org.junit.internal.runners.model.ReflectiveCallable.run(ReflectiveCallable.java:12) [junit-4.12.jar:4.12]
	at org.springframework.test.context.junit4.SpringJUnit4ClassRunner.methodBlock(SpringJUnit4ClassRunner.java:291) [spring-test-4.2.3.RELEASE.jar:4.2.3.RELEASE]
	at org.springframework.test.context.junit4.SpringJUnit4ClassRunner.runChild(SpringJUnit4ClassRunner.java:249) [spring-test-4.2.3.RELEASE.jar:4.2.3.RELEASE]
	at org.springframework.test.context.junit4.SpringJUnit4ClassRunner.runChild(SpringJUnit4ClassRunner.java:89) [spring-test-4.2.3.RELEASE.jar:4.2.3.RELEASE]
	at org.junit.runners.ParentRunner$3.run(ParentRunner.java:290) [junit-4.12.jar:4.12]
	at org.junit.runners.ParentRunner$1.schedule(ParentRunner.java:71) [junit-4.12.jar:4.12]
	at org.junit.runners.ParentRunner.runChildren(ParentRunner.java:288) [junit-4.12.jar:4.12]
	at org.junit.runners.ParentRunner.access$000(ParentRunner.java:58) [junit-4.12.jar:4.12]
	at org.junit.runners.ParentRunner$2.evaluate(ParentRunner.java:268) [junit-4.12.jar:4.12]
	at org.junit.internal.runners.statements.RunBefores.evaluate(RunBefores.java:26) [junit-4.12.jar:4.12]
	at org.springframework.test.context.junit4.statements.RunBeforeTestClassCallbacks.evaluate(RunBeforeTestClassCallbacks.java:61) [spring-test-4.2.3.RELEASE.jar:4.2.3.RELEASE]
	at org.springframework.test.context.junit4.statements.RunAfterTestClassCallbacks.evaluate(RunAfterTestClassCallbacks.java:70) [spring-test-4.2.3.RELEASE.jar:4.2.3.RELEASE]
	at org.junit.runners.ParentRunner.run(ParentRunner.java:363) [junit-4.12.jar:4.12]
	at org.springframework.test.context.junit4.SpringJUnit4ClassRunner.run(SpringJUnit4ClassRunner.java:193) [spring-test-4.2.3.RELEASE.jar:4.2.3.RELEASE]
	at org.eclipse.jdt.internal.junit4.runner.JUnit4TestReference.run(JUnit4TestReference.java:86) [.cp/:na]
	at org.eclipse.jdt.internal.junit.runner.TestExecution.run(TestExecution.java:38) [.cp/:na]
	at org.eclipse.jdt.internal.junit.runner.RemoteTestRunner.runTests(RemoteTestRunner.java:459) [.cp/:na]
	at org.eclipse.jdt.internal.junit.runner.RemoteTestRunner.runTests(RemoteTestRunner.java:675) [.cp/:na]
	at org.eclipse.jdt.internal.junit.runner.RemoteTestRunner.run(RemoteTestRunner.java:382) [.cp/:na]
	at org.eclipse.jdt.internal.junit.runner.RemoteTestRunner.main(RemoteTestRunner.java:192) [.cp/:na]
Caused by: org.springframework.beans.factory.BeanCreationException: Error creating bean with name 'dataSource' defined in class path resource [applicationContext-mysql-beetlsql.xml]: Invocation of init method failed; nested exception is java.sql.SQLException: Access denied for user 'orm'@'localhost' (using password: YES)
	at org.springframework.beans.factory.support.AbstractAutowireCapableBeanFactory.initializeBean(AbstractAutowireCapableBeanFactory.java:1578) ~[spring-beans-4.2.3.RELEASE.jar:4.2.3.RELEASE]
	at org.springframework.beans.factory.support.AbstractAutowireCapableBeanFactory.doCreateBean(AbstractAutowireCapableBeanFactory.java:545) ~[spring-beans-4.2.3.RELEASE.jar:4.2.3.RELEASE]
	at org.springframework.beans.factory.support.AbstractAutowireCapableBeanFactory.createBean(AbstractAutowireCapableBeanFactory.java:482) ~[spring-beans-4.2.3.RELEASE.jar:4.2.3.RELEASE]
	at org.springframework.beans.factory.support.AbstractBeanFactory$1.getObject(AbstractBeanFactory.java:306) ~[spring-beans-4.2.3.RELEASE.jar:4.2.3.RELEASE]
	at org.springframework.beans.factory.support.DefaultSingletonBeanRegistry.getSingleton(DefaultSingletonBeanRegistry.java:230) ~[spring-beans-4.2.3.RELEASE.jar:4.2.3.RELEASE]
	at org.springframework.beans.factory.support.AbstractBeanFactory.doGetBean(AbstractBeanFactory.java:302) ~[spring-beans-4.2.3.RELEASE.jar:4.2.3.RELEASE]
	at org.springframework.beans.factory.support.AbstractBeanFactory.getBean(AbstractBeanFactory.java:197) ~[spring-beans-4.2.3.RELEASE.jar:4.2.3.RELEASE]
	at org.springframework.beans.factory.support.DefaultListableBeanFactory.preInstantiateSingletons(DefaultListableBeanFactory.java:772) ~[spring-beans-4.2.3.RELEASE.jar:4.2.3.RELEASE]
	at org.springframework.context.support.AbstractApplicationContext.finishBeanFactoryInitialization(AbstractApplicationContext.java:838) ~[spring-context-4.2.3.RELEASE.jar:4.2.3.RELEASE]
	at org.springframework.context.support.AbstractApplicationContext.refresh(AbstractApplicationContext.java:537) ~[spring-context-4.2.3.RELEASE.jar:4.2.3.RELEASE]
	at org.springframework.test.context.support.AbstractGenericContextLoader.loadContext(AbstractGenericContextLoader.java:125) ~[spring-test-4.2.3.RELEASE.jar:4.2.3.RELEASE]
	at org.springframework.test.context.support.AbstractGenericContextLoader.loadContext(AbstractGenericContextLoader.java:60) ~[spring-test-4.2.3.RELEASE.jar:4.2.3.RELEASE]
	at org.springframework.test.context.support.AbstractDelegatingSmartContextLoader.delegateLoading(AbstractDelegatingSmartContextLoader.java:109) ~[spring-test-4.2.3.RELEASE.jar:4.2.3.RELEASE]
	at org.springframework.test.context.support.AbstractDelegatingSmartContextLoader.loadContext(AbstractDelegatingSmartContextLoader.java:261) ~[spring-test-4.2.3.RELEASE.jar:4.2.3.RELEASE]
	at org.springframework.test.context.cache.DefaultCacheAwareContextLoaderDelegate.loadContextInternal(DefaultCacheAwareContextLoaderDelegate.java:98) ~[spring-test-4.2.3.RELEASE.jar:4.2.3.RELEASE]
	at org.springframework.test.context.cache.DefaultCacheAwareContextLoaderDelegate.loadContext(DefaultCacheAwareContextLoaderDelegate.java:116) ~[spring-test-4.2.3.RELEASE.jar:4.2.3.RELEASE]
	... 26 common frames omitted
Caused by: java.sql.SQLException: Access denied for user 'orm'@'localhost' (using password: YES)
	at com.mysql.jdbc.SQLError.createSQLException(SQLError.java:946) ~[mysql-connector-java-5.0.5.jar:na]
	at com.mysql.jdbc.MysqlIO.checkErrorPacket(MysqlIO.java:2941) ~[mysql-connector-java-5.0.5.jar:na]
	at com.mysql.jdbc.MysqlIO.checkErrorPacket(MysqlIO.java:868) ~[mysql-connector-java-5.0.5.jar:na]
	at com.mysql.jdbc.MysqlIO.secureAuth411(MysqlIO.java:3340) ~[mysql-connector-java-5.0.5.jar:na]
	at com.mysql.jdbc.MysqlIO.doHandshake(MysqlIO.java:1238) ~[mysql-connector-java-5.0.5.jar:na]
	at com.mysql.jdbc.Connection.createNewIO(Connection.java:2743) ~[mysql-connector-java-5.0.5.jar:na]
	at com.mysql.jdbc.Connection.<init>(Connection.java:1553) ~[mysql-connector-java-5.0.5.jar:na]
	at com.mysql.jdbc.NonRegisteringDriver.connect(NonRegisteringDriver.java:266) ~[mysql-connector-java-5.0.5.jar:na]
	at com.alibaba.druid.filter.FilterChainImpl.connection_connect(FilterChainImpl.java:148) ~[druid-1.0.15.jar:1.0.15]
	at com.alibaba.druid.filter.stat.StatFilter.connection_connect(StatFilter.java:211) ~[druid-1.0.15.jar:1.0.15]
	at com.alibaba.druid.filter.FilterChainImpl.connection_connect(FilterChainImpl.java:142) ~[druid-1.0.15.jar:1.0.15]
	at com.alibaba.druid.pool.DruidAbstractDataSource.createPhysicalConnection(DruidAbstractDataSource.java:1377) ~[druid-1.0.15.jar:1.0.15]
	at com.alibaba.druid.pool.DruidAbstractDataSource.createPhysicalConnection(DruidAbstractDataSource.java:1431) ~[druid-1.0.15.jar:1.0.15]
	at com.alibaba.druid.pool.DruidDataSource.init(DruidDataSource.java:632) ~[druid-1.0.15.jar:1.0.15]
	at sun.reflect.NativeMethodAccessorImpl.invoke0(Native Method) ~[na:1.8.0_73]
	at sun.reflect.NativeMethodAccessorImpl.invoke(NativeMethodAccessorImpl.java:62) ~[na:1.8.0_73]
	at sun.reflect.DelegatingMethodAccessorImpl.invoke(DelegatingMethodAccessorImpl.java:43) ~[na:1.8.0_73]
	at java.lang.reflect.Method.invoke(Method.java:497) ~[na:1.8.0_73]
	at org.springframework.beans.factory.support.AbstractAutowireCapableBeanFactory.invokeCustomInitMethod(AbstractAutowireCapableBeanFactory.java:1706) ~[spring-beans-4.2.3.RELEASE.jar:4.2.3.RELEASE]
	at org.springframework.beans.factory.support.AbstractAutowireCapableBeanFactory.invokeInitMethods(AbstractAutowireCapableBeanFactory.java:1645) ~[spring-beans-4.2.3.RELEASE.jar:4.2.3.RELEASE]
	at org.springframework.beans.factory.support.AbstractAutowireCapableBeanFactory.initializeBean(AbstractAutowireCapableBeanFactory.java:1574) ~[spring-beans-4.2.3.RELEASE.jar:4.2.3.RELEASE]
	... 41 common frames omitted
15:26:43.973 Loaded default TestExecutionListener class names from location [META-INF/spring.factories]: [org.springframework.test.context.web.ServletTestExecutionListener, org.springframework.test.context.support.DirtiesContextBeforeModesTestExecutionListener, org.springframework.test.context.support.DependencyInjectionTestExecutionListener, org.springframework.test.context.support.DirtiesContextTestExecutionListener, org.springframework.test.context.transaction.TransactionalTestExecutionListener, org.springframework.test.context.jdbc.SqlScriptsTestExecutionListener]
15:26:43.984 Using TestExecutionListeners: [org.springframework.test.context.web.ServletTestExecutionListener@2eda0940, org.springframework.test.context.support.DirtiesContextBeforeModesTestExecutionListener@3578436e, org.springframework.test.context.support.DependencyInjectionTestExecutionListener@706a04ae, org.springframework.test.context.support.DirtiesContextTestExecutionListener@6eceb130, org.springframework.test.context.transaction.TransactionalTestExecutionListener@10a035a0, org.springframework.test.context.jdbc.SqlScriptsTestExecutionListener@67b467e9]
15:26:44.067 Loading XML bean definitions from class path resource [applicationContext-mysql-beetlsql.xml]
15:26:44.215 Refreshing org.springframework.context.support.GenericApplicationContext@70a9f84e: startup date [Thu Sep 01 15:26:44 CST 2016]; root of context hierarchy
15:26:44.298 Loading properties file from class path resource [mysql-application.properties]
15:26:44.640 {dataSource-1} inited
15:26:44.670 Exception encountered during context initialization - cancelling refresh attempt: org.springframework.beans.factory.BeanCreationException: Error creating bean with name 'sqlManagerFactoryBean' defined in class path resource [applicationContext-mysql-beetlsql.xml]: Cannot create inner bean 'org.beetl.sql.core.db.MysqlStyle#351d00c0' of type [org.beetl.sql.core.db.MysqlStyle] while setting bean property 'dbStyle'; nested exception is org.springframework.beans.factory.CannotLoadBeanClassException: Error loading class [org.beetl.sql.core.db.MysqlStyle] for bean with name 'org.beetl.sql.core.db.MysqlStyle#351d00c0' defined in class path resource [applicationContext-mysql-beetlsql.xml]: problem with class file or dependent class; nested exception is java.lang.NoClassDefFoundError: org/beetl/sql/core/db/MysqlStyle (wrong name: org/beetl/sql/core/db/MySqlStyle)
15:26:44.673 {dataSource-1} closed
15:26:44.678 Caught exception while allowing TestExecutionListener [org.springframework.test.context.support.DependencyInjectionTestExecutionListener@706a04ae] to prepare test instance [org.beetl.sql.test.mysql.BaseMySqlTest@134593bf]
java.lang.IllegalStateException: Failed to load ApplicationContext
	at org.springframework.test.context.cache.DefaultCacheAwareContextLoaderDelegate.loadContext(DefaultCacheAwareContextLoaderDelegate.java:124) ~[spring-test-4.2.3.RELEASE.jar:4.2.3.RELEASE]
	at org.springframework.test.context.support.DefaultTestContext.getApplicationContext(DefaultTestContext.java:83) ~[spring-test-4.2.3.RELEASE.jar:4.2.3.RELEASE]
	at org.springframework.test.context.support.DependencyInjectionTestExecutionListener.injectDependencies(DependencyInjectionTestExecutionListener.java:117) ~[spring-test-4.2.3.RELEASE.jar:4.2.3.RELEASE]
	at org.springframework.test.context.support.DependencyInjectionTestExecutionListener.prepareTestInstance(DependencyInjectionTestExecutionListener.java:83) ~[spring-test-4.2.3.RELEASE.jar:4.2.3.RELEASE]
	at org.springframework.test.context.TestContextManager.prepareTestInstance(TestContextManager.java:228) ~[spring-test-4.2.3.RELEASE.jar:4.2.3.RELEASE]
	at org.springframework.test.context.junit4.SpringJUnit4ClassRunner.createTest(SpringJUnit4ClassRunner.java:230) [spring-test-4.2.3.RELEASE.jar:4.2.3.RELEASE]
	at org.springframework.test.context.junit4.SpringJUnit4ClassRunner$1.runReflectiveCall(SpringJUnit4ClassRunner.java:289) [spring-test-4.2.3.RELEASE.jar:4.2.3.RELEASE]
	at org.junit.internal.runners.model.ReflectiveCallable.run(ReflectiveCallable.java:12) [junit-4.12.jar:4.12]
	at org.springframework.test.context.junit4.SpringJUnit4ClassRunner.methodBlock(SpringJUnit4ClassRunner.java:291) [spring-test-4.2.3.RELEASE.jar:4.2.3.RELEASE]
	at org.springframework.test.context.junit4.SpringJUnit4ClassRunner.runChild(SpringJUnit4ClassRunner.java:249) [spring-test-4.2.3.RELEASE.jar:4.2.3.RELEASE]
	at org.springframework.test.context.junit4.SpringJUnit4ClassRunner.runChild(SpringJUnit4ClassRunner.java:89) [spring-test-4.2.3.RELEASE.jar:4.2.3.RELEASE]
	at org.junit.runners.ParentRunner$3.run(ParentRunner.java:290) [junit-4.12.jar:4.12]
	at org.junit.runners.ParentRunner$1.schedule(ParentRunner.java:71) [junit-4.12.jar:4.12]
	at org.junit.runners.ParentRunner.runChildren(ParentRunner.java:288) [junit-4.12.jar:4.12]
	at org.junit.runners.ParentRunner.access$000(ParentRunner.java:58) [junit-4.12.jar:4.12]
	at org.junit.runners.ParentRunner$2.evaluate(ParentRunner.java:268) [junit-4.12.jar:4.12]
	at org.junit.internal.runners.statements.RunBefores.evaluate(RunBefores.java:26) [junit-4.12.jar:4.12]
	at org.springframework.test.context.junit4.statements.RunBeforeTestClassCallbacks.evaluate(RunBeforeTestClassCallbacks.java:61) [spring-test-4.2.3.RELEASE.jar:4.2.3.RELEASE]
	at org.springframework.test.context.junit4.statements.RunAfterTestClassCallbacks.evaluate(RunAfterTestClassCallbacks.java:70) [spring-test-4.2.3.RELEASE.jar:4.2.3.RELEASE]
	at org.junit.runners.ParentRunner.run(ParentRunner.java:363) [junit-4.12.jar:4.12]
	at org.springframework.test.context.junit4.SpringJUnit4ClassRunner.run(SpringJUnit4ClassRunner.java:193) [spring-test-4.2.3.RELEASE.jar:4.2.3.RELEASE]
	at org.eclipse.jdt.internal.junit4.runner.JUnit4TestReference.run(JUnit4TestReference.java:86) [.cp/:na]
	at org.eclipse.jdt.internal.junit.runner.TestExecution.run(TestExecution.java:38) [.cp/:na]
	at org.eclipse.jdt.internal.junit.runner.RemoteTestRunner.runTests(RemoteTestRunner.java:459) [.cp/:na]
	at org.eclipse.jdt.internal.junit.runner.RemoteTestRunner.runTests(RemoteTestRunner.java:675) [.cp/:na]
	at org.eclipse.jdt.internal.junit.runner.RemoteTestRunner.run(RemoteTestRunner.java:382) [.cp/:na]
	at org.eclipse.jdt.internal.junit.runner.RemoteTestRunner.main(RemoteTestRunner.java:192) [.cp/:na]
Caused by: org.springframework.beans.factory.BeanCreationException: Error creating bean with name 'sqlManagerFactoryBean' defined in class path resource [applicationContext-mysql-beetlsql.xml]: Cannot create inner bean 'org.beetl.sql.core.db.MysqlStyle#351d00c0' of type [org.beetl.sql.core.db.MysqlStyle] while setting bean property 'dbStyle'; nested exception is org.springframework.beans.factory.CannotLoadBeanClassException: Error loading class [org.beetl.sql.core.db.MysqlStyle] for bean with name 'org.beetl.sql.core.db.MysqlStyle#351d00c0' defined in class path resource [applicationContext-mysql-beetlsql.xml]: problem with class file or dependent class; nested exception is java.lang.NoClassDefFoundError: org/beetl/sql/core/db/MysqlStyle (wrong name: org/beetl/sql/core/db/MySqlStyle)
	at org.springframework.beans.factory.support.BeanDefinitionValueResolver.resolveInnerBean(BeanDefinitionValueResolver.java:313) ~[spring-beans-4.2.3.RELEASE.jar:4.2.3.RELEASE]
	at org.springframework.beans.factory.support.BeanDefinitionValueResolver.resolveValueIfNecessary(BeanDefinitionValueResolver.java:122) ~[spring-beans-4.2.3.RELEASE.jar:4.2.3.RELEASE]
	at org.springframework.beans.factory.support.AbstractAutowireCapableBeanFactory.applyPropertyValues(AbstractAutowireCapableBeanFactory.java:1481) ~[spring-beans-4.2.3.RELEASE.jar:4.2.3.RELEASE]
	at org.springframework.beans.factory.support.AbstractAutowireCapableBeanFactory.populateBean(AbstractAutowireCapableBeanFactory.java:1226) ~[spring-beans-4.2.3.RELEASE.jar:4.2.3.RELEASE]
	at org.springframework.beans.factory.support.AbstractAutowireCapableBeanFactory.doCreateBean(AbstractAutowireCapableBeanFactory.java:543) ~[spring-beans-4.2.3.RELEASE.jar:4.2.3.RELEASE]
	at org.springframework.beans.factory.support.AbstractAutowireCapableBeanFactory.createBean(AbstractAutowireCapableBeanFactory.java:482) ~[spring-beans-4.2.3.RELEASE.jar:4.2.3.RELEASE]
	at org.springframework.beans.factory.support.AbstractBeanFactory$1.getObject(AbstractBeanFactory.java:306) ~[spring-beans-4.2.3.RELEASE.jar:4.2.3.RELEASE]
	at org.springframework.beans.factory.support.DefaultSingletonBeanRegistry.getSingleton(DefaultSingletonBeanRegistry.java:230) ~[spring-beans-4.2.3.RELEASE.jar:4.2.3.RELEASE]
	at org.springframework.beans.factory.support.AbstractBeanFactory.doGetBean(AbstractBeanFactory.java:302) ~[spring-beans-4.2.3.RELEASE.jar:4.2.3.RELEASE]
	at org.springframework.beans.factory.support.AbstractBeanFactory.getBean(AbstractBeanFactory.java:197) ~[spring-beans-4.2.3.RELEASE.jar:4.2.3.RELEASE]
	at org.springframework.beans.factory.support.DefaultListableBeanFactory.preInstantiateSingletons(DefaultListableBeanFactory.java:753) ~[spring-beans-4.2.3.RELEASE.jar:4.2.3.RELEASE]
	at org.springframework.context.support.AbstractApplicationContext.finishBeanFactoryInitialization(AbstractApplicationContext.java:838) ~[spring-context-4.2.3.RELEASE.jar:4.2.3.RELEASE]
	at org.springframework.context.support.AbstractApplicationContext.refresh(AbstractApplicationContext.java:537) ~[spring-context-4.2.3.RELEASE.jar:4.2.3.RELEASE]
	at org.springframework.test.context.support.AbstractGenericContextLoader.loadContext(AbstractGenericContextLoader.java:125) ~[spring-test-4.2.3.RELEASE.jar:4.2.3.RELEASE]
	at org.springframework.test.context.support.AbstractGenericContextLoader.loadContext(AbstractGenericContextLoader.java:60) ~[spring-test-4.2.3.RELEASE.jar:4.2.3.RELEASE]
	at org.springframework.test.context.support.AbstractDelegatingSmartContextLoader.delegateLoading(AbstractDelegatingSmartContextLoader.java:109) ~[spring-test-4.2.3.RELEASE.jar:4.2.3.RELEASE]
	at org.springframework.test.context.support.AbstractDelegatingSmartContextLoader.loadContext(AbstractDelegatingSmartContextLoader.java:261) ~[spring-test-4.2.3.RELEASE.jar:4.2.3.RELEASE]
	at org.springframework.test.context.cache.DefaultCacheAwareContextLoaderDelegate.loadContextInternal(DefaultCacheAwareContextLoaderDelegate.java:98) ~[spring-test-4.2.3.RELEASE.jar:4.2.3.RELEASE]
	at org.springframework.test.context.cache.DefaultCacheAwareContextLoaderDelegate.loadContext(DefaultCacheAwareContextLoaderDelegate.java:116) ~[spring-test-4.2.3.RELEASE.jar:4.2.3.RELEASE]
	... 26 common frames omitted
Caused by: org.springframework.beans.factory.CannotLoadBeanClassException: Error loading class [org.beetl.sql.core.db.MysqlStyle] for bean with name 'org.beetl.sql.core.db.MysqlStyle#351d00c0' defined in class path resource [applicationContext-mysql-beetlsql.xml]: problem with class file or dependent class; nested exception is java.lang.NoClassDefFoundError: org/beetl/sql/core/db/MysqlStyle (wrong name: org/beetl/sql/core/db/MySqlStyle)
	at org.springframework.beans.factory.support.AbstractBeanFactory.resolveBeanClass(AbstractBeanFactory.java:1355) ~[spring-beans-4.2.3.RELEASE.jar:4.2.3.RELEASE]
	at org.springframework.beans.factory.support.AbstractAutowireCapableBeanFactory.createBean(AbstractAutowireCapableBeanFactory.java:455) ~[spring-beans-4.2.3.RELEASE.jar:4.2.3.RELEASE]
	at org.springframework.beans.factory.support.BeanDefinitionValueResolver.resolveInnerBean(BeanDefinitionValueResolver.java:299) ~[spring-beans-4.2.3.RELEASE.jar:4.2.3.RELEASE]
	... 44 common frames omitted
Caused by: java.lang.NoClassDefFoundError: org/beetl/sql/core/db/MysqlStyle (wrong name: org/beetl/sql/core/db/MySqlStyle)
	at java.lang.ClassLoader.defineClass1(Native Method) ~[na:1.8.0_73]
	at java.lang.ClassLoader.defineClass(ClassLoader.java:760) ~[na:1.8.0_73]
	at java.security.SecureClassLoader.defineClass(SecureClassLoader.java:142) ~[na:1.8.0_73]
	at java.net.URLClassLoader.defineClass(URLClassLoader.java:467) ~[na:1.8.0_73]
	at java.net.URLClassLoader.access$100(URLClassLoader.java:73) ~[na:1.8.0_73]
	at java.net.URLClassLoader$1.run(URLClassLoader.java:368) ~[na:1.8.0_73]
	at java.net.URLClassLoader$1.run(URLClassLoader.java:362) ~[na:1.8.0_73]
	at java.security.AccessController.doPrivileged(Native Method) ~[na:1.8.0_73]
	at java.net.URLClassLoader.findClass(URLClassLoader.java:361) ~[na:1.8.0_73]
	at java.lang.ClassLoader.loadClass(ClassLoader.java:424) ~[na:1.8.0_73]
	at sun.misc.Launcher$AppClassLoader.loadClass(Launcher.java:331) ~[na:1.8.0_73]
	at java.lang.ClassLoader.loadClass(ClassLoader.java:357) ~[na:1.8.0_73]
	at org.springframework.util.ClassUtils.forName(ClassUtils.java:250) ~[spring-core-4.2.3.RELEASE.jar:4.2.3.RELEASE]
	at org.springframework.beans.factory.support.AbstractBeanDefinition.resolveBeanClass(AbstractBeanDefinition.java:394) ~[spring-beans-4.2.3.RELEASE.jar:4.2.3.RELEASE]
	at org.springframework.beans.factory.support.AbstractBeanFactory.doResolveBeanClass(AbstractBeanFactory.java:1397) ~[spring-beans-4.2.3.RELEASE.jar:4.2.3.RELEASE]
	at org.springframework.beans.factory.support.AbstractBeanFactory.resolveBeanClass(AbstractBeanFactory.java:1344) ~[spring-beans-4.2.3.RELEASE.jar:4.2.3.RELEASE]
	... 46 common frames omitted
15:27:29.374 Loaded default TestExecutionListener class names from location [META-INF/spring.factories]: [org.springframework.test.context.web.ServletTestExecutionListener, org.springframework.test.context.support.DirtiesContextBeforeModesTestExecutionListener, org.springframework.test.context.support.DependencyInjectionTestExecutionListener, org.springframework.test.context.support.DirtiesContextTestExecutionListener, org.springframework.test.context.transaction.TransactionalTestExecutionListener, org.springframework.test.context.jdbc.SqlScriptsTestExecutionListener]
15:27:29.384 Using TestExecutionListeners: [org.springframework.test.context.web.ServletTestExecutionListener@2eda0940, org.springframework.test.context.support.DirtiesContextBeforeModesTestExecutionListener@3578436e, org.springframework.test.context.support.DependencyInjectionTestExecutionListener@706a04ae, org.springframework.test.context.support.DirtiesContextTestExecutionListener@6eceb130, org.springframework.test.context.transaction.TransactionalTestExecutionListener@10a035a0, org.springframework.test.context.jdbc.SqlScriptsTestExecutionListener@67b467e9]
15:27:29.465 Loading XML bean definitions from class path resource [applicationContext-mysql-beetlsql.xml]
15:27:29.618 Refreshing org.springframework.context.support.GenericApplicationContext@70a9f84e: startup date [Thu Sep 01 15:27:29 CST 2016]; root of context hierarchy
15:27:29.700 Loading properties file from class path resource [mysql-application.properties]
15:27:30.046 {dataSource-1} inited
15:27:30.269 Began transaction (1) for test context [DefaultTestContext@6dde5c8c testClass = BaseMySqlTest, testInstance = org.beetl.sql.test.mysql.BaseMySqlTest@134593bf, testMethod = testEnv@BaseMySqlTest, testException = [null], mergedContextConfiguration = [MergedContextConfiguration@5123a213 testClass = BaseMySqlTest, locations = '{classpath:applicationContext-mysql-beetlsql.xml}', classes = '{}', contextInitializerClasses = '[]', activeProfiles = '{}', propertySourceLocations = '{}', propertySourceProperties = '{}', contextLoader = 'org.springframework.test.context.support.DelegatingSmartContextLoader', parent = [null]]]; transaction manager [org.springframework.jdbc.datasource.DataSourceTransactionManager@1115ec15]; rollback [true]
15:27:30.606 Rolled back transaction for test context [DefaultTestContext@6dde5c8c testClass = BaseMySqlTest, testInstance = org.beetl.sql.test.mysql.BaseMySqlTest@134593bf, testMethod = testEnv@BaseMySqlTest, testException = [null], mergedContextConfiguration = [MergedContextConfiguration@5123a213 testClass = BaseMySqlTest, locations = '{classpath:applicationContext-mysql-beetlsql.xml}', classes = '{}', contextInitializerClasses = '[]', activeProfiles = '{}', propertySourceLocations = '{}', propertySourceProperties = '{}', contextLoader = 'org.springframework.test.context.support.DelegatingSmartContextLoader', parent = [null]]].
15:27:30.611 Closing org.springframework.context.support.GenericApplicationContext@70a9f84e: startup date [Thu Sep 01 15:27:29 CST 2016]; root of context hierarchy
15:27:30.618 {dataSource-1} closed
15:28:28.437 Loaded default TestExecutionListener class names from location [META-INF/spring.factories]: [org.springframework.test.context.web.ServletTestExecutionListener, org.springframework.test.context.support.DirtiesContextBeforeModesTestExecutionListener, org.springframework.test.context.support.DependencyInjectionTestExecutionListener, org.springframework.test.context.support.DirtiesContextTestExecutionListener, org.springframework.test.context.transaction.TransactionalTestExecutionListener, org.springframework.test.context.jdbc.SqlScriptsTestExecutionListener]
15:28:28.448 Using TestExecutionListeners: [org.springframework.test.context.web.ServletTestExecutionListener@401e7803, org.springframework.test.context.support.DirtiesContextBeforeModesTestExecutionListener@10dba097, org.springframework.test.context.support.DependencyInjectionTestExecutionListener@1786f9d5, org.springframework.test.context.support.DirtiesContextTestExecutionListener@704d6e83, org.springframework.test.context.transaction.TransactionalTestExecutionListener@43a0cee9, org.springframework.test.context.jdbc.SqlScriptsTestExecutionListener@eb21112]
15:28:28.523 Loading XML bean definitions from class path resource [applicationContext-mysql-beetlsql.xml]
15:28:28.678 Refreshing org.springframework.context.support.GenericApplicationContext@530612ba: startup date [Thu Sep 01 15:28:28 CST 2016]; root of context hierarchy
15:28:28.763 Loading properties file from class path resource [mysql-application.properties]
15:28:29.103 {dataSource-1} inited
15:28:29.301 Began transaction (1) for test context [DefaultTestContext@17211155 testClass = BaseMySqlTest, testInstance = org.beetl.sql.test.mysql.BaseMySqlTest@71623278, testMethod = testEnv@BaseMySqlTest, testException = [null], mergedContextConfiguration = [MergedContextConfiguration@b3d7190 testClass = BaseMySqlTest, locations = '{classpath:applicationContext-mysql-beetlsql.xml}', classes = '{}', contextInitializerClasses = '[]', activeProfiles = '{}', propertySourceLocations = '{}', propertySourceProperties = '{}', contextLoader = 'org.springframework.test.context.support.DelegatingSmartContextLoader', parent = [null]]]; transaction manager [org.springframework.jdbc.datasource.DataSourceTransactionManager@455b6df1]; rollback [true]
15:28:29.574 Rolled back transaction for test context [DefaultTestContext@17211155 testClass = BaseMySqlTest, testInstance = org.beetl.sql.test.mysql.BaseMySqlTest@71623278, testMethod = testEnv@BaseMySqlTest, testException = [null], mergedContextConfiguration = [MergedContextConfiguration@b3d7190 testClass = BaseMySqlTest, locations = '{classpath:applicationContext-mysql-beetlsql.xml}', classes = '{}', contextInitializerClasses = '[]', activeProfiles = '{}', propertySourceLocations = '{}', propertySourceProperties = '{}', contextLoader = 'org.springframework.test.context.support.DelegatingSmartContextLoader', parent = [null]]].
15:28:29.577 Closing org.springframework.context.support.GenericApplicationContext@530612ba: startup date [Thu Sep 01 15:28:28 CST 2016]; root of context hierarchy
15:28:29.584 {dataSource-1} closed
15:49:50.301 Loaded default TestExecutionListener class names from location [META-INF/spring.factories]: [org.springframework.test.context.web.ServletTestExecutionListener, org.springframework.test.context.support.DirtiesContextBeforeModesTestExecutionListener, org.springframework.test.context.support.DependencyInjectionTestExecutionListener, org.springframework.test.context.support.DirtiesContextTestExecutionListener, org.springframework.test.context.transaction.TransactionalTestExecutionListener, org.springframework.test.context.jdbc.SqlScriptsTestExecutionListener]
15:49:50.312 Using TestExecutionListeners: [org.springframework.test.context.web.ServletTestExecutionListener@2eda0940, org.springframework.test.context.support.DirtiesContextBeforeModesTestExecutionListener@3578436e, org.springframework.test.context.support.DependencyInjectionTestExecutionListener@706a04ae, org.springframework.test.context.support.DirtiesContextTestExecutionListener@6eceb130, org.springframework.test.context.transaction.TransactionalTestExecutionListener@10a035a0, org.springframework.test.context.jdbc.SqlScriptsTestExecutionListener@67b467e9]
15:49:50.389 Loading XML bean definitions from class path resource [applicationContext-mysql-beetlsql.xml]
15:49:50.542 Refreshing org.springframework.context.support.GenericApplicationContext@70a9f84e: startup date [Thu Sep 01 15:49:50 CST 2016]; root of context hierarchy
15:49:50.626 Loading properties file from class path resource [mysql-application.properties]
15:49:50.980 {dataSource-1} inited
15:49:51.206 Began transaction (1) for test context [DefaultTestContext@6dde5c8c testClass = BaseMySqlTest, testInstance = org.beetl.sql.test.mysql.BaseMySqlTest@134593bf, testMethod = testEnv@BaseMySqlTest, testException = [null], mergedContextConfiguration = [MergedContextConfiguration@5123a213 testClass = BaseMySqlTest, locations = '{classpath:applicationContext-mysql-beetlsql.xml}', classes = '{}', contextInitializerClasses = '[]', activeProfiles = '{}', propertySourceLocations = '{}', propertySourceProperties = '{}', contextLoader = 'org.springframework.test.context.support.DelegatingSmartContextLoader', parent = [null]]]; transaction manager [org.springframework.jdbc.datasource.DataSourceTransactionManager@45a37759]; rollback [true]
15:49:51.480 Rolled back transaction for test context [DefaultTestContext@6dde5c8c testClass = BaseMySqlTest, testInstance = org.beetl.sql.test.mysql.BaseMySqlTest@134593bf, testMethod = testEnv@BaseMySqlTest, testException = [null], mergedContextConfiguration = [MergedContextConfiguration@5123a213 testClass = BaseMySqlTest, locations = '{classpath:applicationContext-mysql-beetlsql.xml}', classes = '{}', contextInitializerClasses = '[]', activeProfiles = '{}', propertySourceLocations = '{}', propertySourceProperties = '{}', contextLoader = 'org.springframework.test.context.support.DelegatingSmartContextLoader', parent = [null]]].
15:49:51.484 Closing org.springframework.context.support.GenericApplicationContext@70a9f84e: startup date [Thu Sep 01 15:49:50 CST 2016]; root of context hierarchy
15:49:51.496 {dataSource-1} closed
15:51:04.845 Loaded default TestExecutionListener class names from location [META-INF/spring.factories]: [org.springframework.test.context.web.ServletTestExecutionListener, org.springframework.test.context.support.DirtiesContextBeforeModesTestExecutionListener, org.springframework.test.context.support.DependencyInjectionTestExecutionListener, org.springframework.test.context.support.DirtiesContextTestExecutionListener, org.springframework.test.context.transaction.TransactionalTestExecutionListener, org.springframework.test.context.jdbc.SqlScriptsTestExecutionListener]
15:51:04.856 Using TestExecutionListeners: [org.springframework.test.context.web.ServletTestExecutionListener@706a04ae, org.springframework.test.context.support.DirtiesContextBeforeModesTestExecutionListener@6eceb130, org.springframework.test.context.support.DependencyInjectionTestExecutionListener@10a035a0, org.springframework.test.context.support.DirtiesContextTestExecutionListener@67b467e9, org.springframework.test.context.transaction.TransactionalTestExecutionListener@47db50c5, org.springframework.test.context.jdbc.SqlScriptsTestExecutionListener@5c072e3f]
15:51:04.934 Loading XML bean definitions from class path resource [applicationContext-mysql-beetlsql.xml]
15:51:05.082 Refreshing org.springframework.context.support.GenericApplicationContext@1188e820: startup date [Thu Sep 01 15:51:05 CST 2016]; root of context hierarchy
15:51:05.169 Loading properties file from class path resource [mysql-application.properties]
15:51:05.513 {dataSource-1} inited
15:51:05.737 Began transaction (1) for test context [DefaultTestContext@52525845 testClass = GeneralUserTest, testInstance = org.beetl.sql.test.mysql.GeneralUserTest@7ba18f1b, testMethod = testQuery@GeneralUserTest, testException = [null], mergedContextConfiguration = [MergedContextConfiguration@3b94d659 testClass = GeneralUserTest, locations = '{classpath:applicationContext-mysql-beetlsql.xml}', classes = '{}', contextInitializerClasses = '[]', activeProfiles = '{}', propertySourceLocations = '{}', propertySourceProperties = '{}', contextLoader = 'org.springframework.test.context.support.DelegatingSmartContextLoader', parent = [null]]]; transaction manager [org.springframework.jdbc.datasource.DataSourceTransactionManager@8e50104]; rollback [true]
15:51:05.767 Rolled back transaction for test context [DefaultTestContext@52525845 testClass = GeneralUserTest, testInstance = org.beetl.sql.test.mysql.GeneralUserTest@7ba18f1b, testMethod = testQuery@GeneralUserTest, testException = java.lang.ExceptionInInitializerError, mergedContextConfiguration = [MergedContextConfiguration@3b94d659 testClass = GeneralUserTest, locations = '{classpath:applicationContext-mysql-beetlsql.xml}', classes = '{}', contextInitializerClasses = '[]', activeProfiles = '{}', propertySourceLocations = '{}', propertySourceProperties = '{}', contextLoader = 'org.springframework.test.context.support.DelegatingSmartContextLoader', parent = [null]]].
15:51:05.770 Closing org.springframework.context.support.GenericApplicationContext@1188e820: startup date [Thu Sep 01 15:51:05 CST 2016]; root of context hierarchy
15:51:05.777 {dataSource-1} closed
15:57:28.184 Loaded default TestExecutionListener class names from location [META-INF/spring.factories]: [org.springframework.test.context.web.ServletTestExecutionListener, org.springframework.test.context.support.DirtiesContextBeforeModesTestExecutionListener, org.springframework.test.context.support.DependencyInjectionTestExecutionListener, org.springframework.test.context.support.DirtiesContextTestExecutionListener, org.springframework.test.context.transaction.TransactionalTestExecutionListener, org.springframework.test.context.jdbc.SqlScriptsTestExecutionListener]
15:57:28.195 Using TestExecutionListeners: [org.springframework.test.context.web.ServletTestExecutionListener@1786f9d5, org.springframework.test.context.support.DirtiesContextBeforeModesTestExecutionListener@704d6e83, org.springframework.test.context.support.DependencyInjectionTestExecutionListener@43a0cee9, org.springframework.test.context.support.DirtiesContextTestExecutionListener@eb21112, org.springframework.test.context.transaction.TransactionalTestExecutionListener@2eda0940, org.springframework.test.context.jdbc.SqlScriptsTestExecutionListener@3578436e]
15:57:28.270 Loading XML bean definitions from class path resource [applicationContext-mysql-beetlsql.xml]
15:57:28.424 Refreshing org.springframework.context.support.GenericApplicationContext@f4168b8: startup date [Thu Sep 01 15:57:28 CST 2016]; root of context hierarchy
15:57:28.508 Loading properties file from class path resource [mysql-application.properties]
15:57:28.857 {dataSource-1} inited
15:57:29.075 Began transaction (1) for test context [DefaultTestContext@5fdba6f9 testClass = GeneralUserTest, testInstance = org.beetl.sql.test.mysql.GeneralUserTest@5a4041cc, testMethod = testQuery@GeneralUserTest, testException = [null], mergedContextConfiguration = [MergedContextConfiguration@10d59286 testClass = GeneralUserTest, locations = '{classpath:applicationContext-mysql-beetlsql.xml}', classes = '{}', contextInitializerClasses = '[]', activeProfiles = '{}', propertySourceLocations = '{}', propertySourceProperties = '{}', contextLoader = 'org.springframework.test.context.support.DelegatingSmartContextLoader', parent = [null]]]; transaction manager [org.springframework.jdbc.datasource.DataSourceTransactionManager@1115ec15]; rollback [true]
15:57:29.809 保存数据出错,位置是XLSPoistion [file=user/general.xlsx, sheet=input, line =5]
java.lang.RuntimeException: not found DEPARTMENT
	at org.beetl.xlsunit.BeetlSQLMapper.getClassName(BeetlSQLMapper.java:30) ~[classes/:na]
	at org.beetl.xlsunit.RowOrmInputHolder.saveDb(RowOrmInputHolder.java:28) ~[classes/:na]
	at org.beetl.xlsunit.RowInputHolder.addRow(RowInputHolder.java:94) [classes/:na]
	at org.beetl.xlsunit.XLSSheetReader.readSheet(XLSSheetReader.java:93) [classes/:na]
	at org.beetl.xlsunit.XLSParser.init(XLSParser.java:64) [classes/:na]
	at org.beetl.sql.test.mysql.GeneralUserTest.testQuery(GeneralUserTest.java:31) [test-classes/:na]
	at sun.reflect.NativeMethodAccessorImpl.invoke0(Native Method) ~[na:1.8.0_73]
	at sun.reflect.NativeMethodAccessorImpl.invoke(NativeMethodAccessorImpl.java:62) ~[na:1.8.0_73]
	at sun.reflect.DelegatingMethodAccessorImpl.invoke(DelegatingMethodAccessorImpl.java:43) ~[na:1.8.0_73]
	at java.lang.reflect.Method.invoke(Method.java:497) ~[na:1.8.0_73]
	at org.junit.runners.model.FrameworkMethod$1.runReflectiveCall(FrameworkMethod.java:50) [junit-4.12.jar:4.12]
	at org.junit.internal.runners.model.ReflectiveCallable.run(ReflectiveCallable.java:12) [junit-4.12.jar:4.12]
	at org.junit.runners.model.FrameworkMethod.invokeExplosively(FrameworkMethod.java:47) [junit-4.12.jar:4.12]
	at org.junit.internal.runners.statements.InvokeMethod.evaluate(InvokeMethod.java:17) [junit-4.12.jar:4.12]
	at org.junit.internal.runners.statements.RunBefores.evaluate(RunBefores.java:26) [junit-4.12.jar:4.12]
	at org.springframework.test.context.junit4.statements.RunBeforeTestMethodCallbacks.evaluate(RunBeforeTestMethodCallbacks.java:75) [spring-test-4.2.3.RELEASE.jar:4.2.3.RELEASE]
	at org.springframework.test.context.junit4.statements.RunAfterTestMethodCallbacks.evaluate(RunAfterTestMethodCallbacks.java:86) [spring-test-4.2.3.RELEASE.jar:4.2.3.RELEASE]
	at org.springframework.test.context.junit4.statements.SpringRepeat.evaluate(SpringRepeat.java:84) [spring-test-4.2.3.RELEASE.jar:4.2.3.RELEASE]
	at org.junit.runners.ParentRunner.runLeaf(ParentRunner.java:325) [junit-4.12.jar:4.12]
	at org.springframework.test.context.junit4.SpringJUnit4ClassRunner.runChild(SpringJUnit4ClassRunner.java:254) [spring-test-4.2.3.RELEASE.jar:4.2.3.RELEASE]
	at org.springframework.test.context.junit4.SpringJUnit4ClassRunner.runChild(SpringJUnit4ClassRunner.java:89) [spring-test-4.2.3.RELEASE.jar:4.2.3.RELEASE]
	at org.junit.runners.ParentRunner$3.run(ParentRunner.java:290) [junit-4.12.jar:4.12]
	at org.junit.runners.ParentRunner$1.schedule(ParentRunner.java:71) [junit-4.12.jar:4.12]
	at org.junit.runners.ParentRunner.runChildren(ParentRunner.java:288) [junit-4.12.jar:4.12]
	at org.junit.runners.ParentRunner.access$000(ParentRunner.java:58) [junit-4.12.jar:4.12]
	at org.junit.runners.ParentRunner$2.evaluate(ParentRunner.java:268) [junit-4.12.jar:4.12]
	at org.junit.internal.runners.statements.RunBefores.evaluate(RunBefores.java:26) [junit-4.12.jar:4.12]
	at org.springframework.test.context.junit4.statements.RunBeforeTestClassCallbacks.evaluate(RunBeforeTestClassCallbacks.java:61) [spring-test-4.2.3.RELEASE.jar:4.2.3.RELEASE]
	at org.springframework.test.context.junit4.statements.RunAfterTestClassCallbacks.evaluate(RunAfterTestClassCallbacks.java:70) [spring-test-4.2.3.RELEASE.jar:4.2.3.RELEASE]
	at org.junit.runners.ParentRunner.run(ParentRunner.java:363) [junit-4.12.jar:4.12]
	at org.springframework.test.context.junit4.SpringJUnit4ClassRunner.run(SpringJUnit4ClassRunner.java:193) [spring-test-4.2.3.RELEASE.jar:4.2.3.RELEASE]
	at org.eclipse.jdt.internal.junit4.runner.JUnit4TestReference.run(JUnit4TestReference.java:86) [.cp/:na]
	at org.eclipse.jdt.internal.junit.runner.TestExecution.run(TestExecution.java:38) [.cp/:na]
	at org.eclipse.jdt.internal.junit.runner.RemoteTestRunner.runTests(RemoteTestRunner.java:459) [.cp/:na]
	at org.eclipse.jdt.internal.junit.runner.RemoteTestRunner.runTests(RemoteTestRunner.java:675) [.cp/:na]
	at org.eclipse.jdt.internal.junit.runner.RemoteTestRunner.run(RemoteTestRunner.java:382) [.cp/:na]
	at org.eclipse.jdt.internal.junit.runner.RemoteTestRunner.main(RemoteTestRunner.java:192) [.cp/:na]
15:57:29.811 Rolled back transaction for test context [DefaultTestContext@5fdba6f9 testClass = GeneralUserTest, testInstance = org.beetl.sql.test.mysql.GeneralUserTest@5a4041cc, testMethod = testQuery@GeneralUserTest, testException = java.lang.RuntimeException: not found DEPARTMENT, mergedContextConfiguration = [MergedContextConfiguration@10d59286 testClass = GeneralUserTest, locations = '{classpath:applicationContext-mysql-beetlsql.xml}', classes = '{}', contextInitializerClasses = '[]', activeProfiles = '{}', propertySourceLocations = '{}', propertySourceProperties = '{}', contextLoader = 'org.springframework.test.context.support.DelegatingSmartContextLoader', parent = [null]]].
15:57:29.818 Began transaction (1) for test context [DefaultTestContext@5fdba6f9 testClass = GeneralUserTest, testInstance = org.beetl.sql.test.mysql.GeneralUserTest@5c3b6c6e, testMethod = testEnv@BaseMySqlTest, testException = [null], mergedContextConfiguration = [MergedContextConfiguration@10d59286 testClass = GeneralUserTest, locations = '{classpath:applicationContext-mysql-beetlsql.xml}', classes = '{}', contextInitializerClasses = '[]', activeProfiles = '{}', propertySourceLocations = '{}', propertySourceProperties = '{}', contextLoader = 'org.springframework.test.context.support.DelegatingSmartContextLoader', parent = [null]]]; transaction manager [org.springframework.jdbc.datasource.DataSourceTransactionManager@1115ec15]; rollback [true]
15:57:29.995 Rolled back transaction for test context [DefaultTestContext@5fdba6f9 testClass = GeneralUserTest, testInstance = org.beetl.sql.test.mysql.GeneralUserTest@5c3b6c6e, testMethod = testEnv@BaseMySqlTest, testException = [null], mergedContextConfiguration = [MergedContextConfiguration@10d59286 testClass = GeneralUserTest, locations = '{classpath:applicationContext-mysql-beetlsql.xml}', classes = '{}', contextInitializerClasses = '[]', activeProfiles = '{}', propertySourceLocations = '{}', propertySourceProperties = '{}', contextLoader = 'org.springframework.test.context.support.DelegatingSmartContextLoader', parent = [null]]].
15:57:29.999 Closing org.springframework.context.support.GenericApplicationContext@f4168b8: startup date [Thu Sep 01 15:57:28 CST 2016]; root of context hierarchy
15:57:30.011 {dataSource-1} closed
15:58:56.392 Loaded default TestExecutionListener class names from location [META-INF/spring.factories]: [org.springframework.test.context.web.ServletTestExecutionListener, org.springframework.test.context.support.DirtiesContextBeforeModesTestExecutionListener, org.springframework.test.context.support.DependencyInjectionTestExecutionListener, org.springframework.test.context.support.DirtiesContextTestExecutionListener, org.springframework.test.context.transaction.TransactionalTestExecutionListener, org.springframework.test.context.jdbc.SqlScriptsTestExecutionListener]
15:58:56.403 Using TestExecutionListeners: [org.springframework.test.context.web.ServletTestExecutionListener@1786f9d5, org.springframework.test.context.support.DirtiesContextBeforeModesTestExecutionListener@704d6e83, org.springframework.test.context.support.DependencyInjectionTestExecutionListener@43a0cee9, org.springframework.test.context.support.DirtiesContextTestExecutionListener@eb21112, org.springframework.test.context.transaction.TransactionalTestExecutionListener@2eda0940, org.springframework.test.context.jdbc.SqlScriptsTestExecutionListener@3578436e]
15:58:56.523 Loading XML bean definitions from class path resource [applicationContext-mysql-beetlsql.xml]
15:58:56.786 Refreshing org.springframework.context.support.GenericApplicationContext@f4168b8: startup date [Thu Sep 01 15:58:56 CST 2016]; root of context hierarchy
15:58:56.906 Loading properties file from class path resource [mysql-application.properties]
15:58:57.275 {dataSource-1} inited
15:58:57.476 Began transaction (1) for test context [DefaultTestContext@5fdba6f9 testClass = GeneralUserTest, testInstance = org.beetl.sql.test.mysql.GeneralUserTest@5a4041cc, testMethod = testQuery@GeneralUserTest, testException = [null], mergedContextConfiguration = [MergedContextConfiguration@10d59286 testClass = GeneralUserTest, locations = '{classpath:applicationContext-mysql-beetlsql.xml}', classes = '{}', contextInitializerClasses = '[]', activeProfiles = '{}', propertySourceLocations = '{}', propertySourceProperties = '{}', contextLoader = 'org.springframework.test.context.support.DelegatingSmartContextLoader', parent = [null]]]; transaction manager [org.springframework.jdbc.datasource.DataSourceTransactionManager@41ab013]; rollback [true]
15:58:58.306 Rolled back transaction for test context [DefaultTestContext@5fdba6f9 testClass = GeneralUserTest, testInstance = org.beetl.sql.test.mysql.GeneralUserTest@5a4041cc, testMethod = testQuery@GeneralUserTest, testException = java.lang.NoClassDefFoundError: org/beetl/core/User, mergedContextConfiguration = [MergedContextConfiguration@10d59286 testClass = GeneralUserTest, locations = '{classpath:applicationContext-mysql-beetlsql.xml}', classes = '{}', contextInitializerClasses = '[]', activeProfiles = '{}', propertySourceLocations = '{}', propertySourceProperties = '{}', contextLoader = 'org.springframework.test.context.support.DelegatingSmartContextLoader', parent = [null]]].
15:58:58.310 Closing org.springframework.context.support.GenericApplicationContext@f4168b8: startup date [Thu Sep 01 15:58:56 CST 2016]; root of context hierarchy
15:58:58.317 {dataSource-1} closed
16:01:31.293 Loaded default TestExecutionListener class names from location [META-INF/spring.factories]: [org.springframework.test.context.web.ServletTestExecutionListener, org.springframework.test.context.support.DirtiesContextBeforeModesTestExecutionListener, org.springframework.test.context.support.DependencyInjectionTestExecutionListener, org.springframework.test.context.support.DirtiesContextTestExecutionListener, org.springframework.test.context.transaction.TransactionalTestExecutionListener, org.springframework.test.context.jdbc.SqlScriptsTestExecutionListener]
16:01:31.303 Using TestExecutionListeners: [org.springframework.test.context.web.ServletTestExecutionListener@1786f9d5, org.springframework.test.context.support.DirtiesContextBeforeModesTestExecutionListener@704d6e83, org.springframework.test.context.support.DependencyInjectionTestExecutionListener@43a0cee9, org.springframework.test.context.support.DirtiesContextTestExecutionListener@eb21112, org.springframework.test.context.transaction.TransactionalTestExecutionListener@2eda0940, org.springframework.test.context.jdbc.SqlScriptsTestExecutionListener@3578436e]
16:01:31.380 Loading XML bean definitions from class path resource [applicationContext-mysql-beetlsql.xml]
16:01:31.528 Refreshing org.springframework.context.support.GenericApplicationContext@f4168b8: startup date [Thu Sep 01 16:01:31 CST 2016]; root of context hierarchy
16:01:31.611 Loading properties file from class path resource [mysql-application.properties]
16:01:31.960 {dataSource-1} inited
16:01:32.163 Began transaction (1) for test context [DefaultTestContext@5fdba6f9 testClass = GeneralUserTest, testInstance = org.beetl.sql.test.mysql.GeneralUserTest@5a4041cc, testMethod = testQuery@GeneralUserTest, testException = [null], mergedContextConfiguration = [MergedContextConfiguration@10d59286 testClass = GeneralUserTest, locations = '{classpath:applicationContext-mysql-beetlsql.xml}', classes = '{}', contextInitializerClasses = '[]', activeProfiles = '{}', propertySourceLocations = '{}', propertySourceProperties = '{}', contextLoader = 'org.springframework.test.context.support.DelegatingSmartContextLoader', parent = [null]]]; transaction manager [org.springframework.jdbc.datasource.DataSourceTransactionManager@41ab013]; rollback [true]
16:01:32.882 Rolled back transaction for test context [DefaultTestContext@5fdba6f9 testClass = GeneralUserTest, testInstance = org.beetl.sql.test.mysql.GeneralUserTest@5a4041cc, testMethod = testQuery@GeneralUserTest, testException = org.beetl.sql.core.BeetlSQLException: unique查询user,但数据库未找到结果集:主键是null, mergedContextConfiguration = [MergedContextConfiguration@10d59286 testClass = GeneralUserTest, locations = '{classpath:applicationContext-mysql-beetlsql.xml}', classes = '{}', contextInitializerClasses = '[]', activeProfiles = '{}', propertySourceLocations = '{}', propertySourceProperties = '{}', contextLoader = 'org.springframework.test.context.support.DelegatingSmartContextLoader', parent = [null]]].
16:01:32.890 Closing org.springframework.context.support.GenericApplicationContext@f4168b8: startup date [Thu Sep 01 16:01:31 CST 2016]; root of context hierarchy
16:01:32.902 {dataSource-1} closed
16:03:38.038 Loaded default TestExecutionListener class names from location [META-INF/spring.factories]: [org.springframework.test.context.web.ServletTestExecutionListener, org.springframework.test.context.support.DirtiesContextBeforeModesTestExecutionListener, org.springframework.test.context.support.DependencyInjectionTestExecutionListener, org.springframework.test.context.support.DirtiesContextTestExecutionListener, org.springframework.test.context.transaction.TransactionalTestExecutionListener, org.springframework.test.context.jdbc.SqlScriptsTestExecutionListener]
16:03:38.052 Using TestExecutionListeners: [org.springframework.test.context.web.ServletTestExecutionListener@54a7079e, org.springframework.test.context.support.DirtiesContextBeforeModesTestExecutionListener@26e356f0, org.springframework.test.context.support.DependencyInjectionTestExecutionListener@47d9a273, org.springframework.test.context.support.DirtiesContextTestExecutionListener@4b8ee4de, org.springframework.test.context.transaction.TransactionalTestExecutionListener@27f981c6, org.springframework.test.context.jdbc.SqlScriptsTestExecutionListener@1b11171f]
16:03:38.146 Loading XML bean definitions from class path resource [applicationContext-mysql-beetlsql.xml]
16:03:38.317 Refreshing org.springframework.context.support.GenericApplicationContext@53045c6c: startup date [Thu Sep 01 16:03:38 CST 2016]; root of context hierarchy
16:03:38.411 Loading properties file from class path resource [mysql-application.properties]
16:03:38.825 {dataSource-1} inited
16:03:39.122 Began transaction (1) for test context [DefaultTestContext@41a0aa7d testClass = GeneralUserTest, testInstance = org.beetl.sql.test.mysql.GeneralUserTest@2a7f1f10, testMethod = testQuery@GeneralUserTest, testException = [null], mergedContextConfiguration = [MergedContextConfiguration@2794eab6 testClass = GeneralUserTest, locations = '{classpath:applicationContext-mysql-beetlsql.xml}', classes = '{}', contextInitializerClasses = '[]', activeProfiles = '{}', propertySourceLocations = '{}', propertySourceProperties = '{}', contextLoader = 'org.springframework.test.context.support.DelegatingSmartContextLoader', parent = [null]]]; transaction manager [org.springframework.jdbc.datasource.DataSourceTransactionManager@3961a41a]; rollback [true]
16:05:43.291 Loaded default TestExecutionListener class names from location [META-INF/spring.factories]: [org.springframework.test.context.web.ServletTestExecutionListener, org.springframework.test.context.support.DirtiesContextBeforeModesTestExecutionListener, org.springframework.test.context.support.DependencyInjectionTestExecutionListener, org.springframework.test.context.support.DirtiesContextTestExecutionListener, org.springframework.test.context.transaction.TransactionalTestExecutionListener, org.springframework.test.context.jdbc.SqlScriptsTestExecutionListener]
16:05:43.301 Using TestExecutionListeners: [org.springframework.test.context.web.ServletTestExecutionListener@1786f9d5, org.springframework.test.context.support.DirtiesContextBeforeModesTestExecutionListener@704d6e83, org.springframework.test.context.support.DependencyInjectionTestExecutionListener@43a0cee9, org.springframework.test.context.support.DirtiesContextTestExecutionListener@eb21112, org.springframework.test.context.transaction.TransactionalTestExecutionListener@2eda0940, org.springframework.test.context.jdbc.SqlScriptsTestExecutionListener@3578436e]
16:05:43.385 Loading XML bean definitions from class path resource [applicationContext-mysql-beetlsql.xml]
16:05:43.541 Refreshing org.springframework.context.support.GenericApplicationContext@f4168b8: startup date [Thu Sep 01 16:05:43 CST 2016]; root of context hierarchy
16:05:43.624 Loading properties file from class path resource [mysql-application.properties]
16:05:43.970 {dataSource-1} inited
16:05:44.201 Began transaction (1) for test context [DefaultTestContext@5fdba6f9 testClass = GeneralUserTest, testInstance = org.beetl.sql.test.mysql.GeneralUserTest@5a4041cc, testMethod = testQuery@GeneralUserTest, testException = [null], mergedContextConfiguration = [MergedContextConfiguration@10d59286 testClass = GeneralUserTest, locations = '{classpath:applicationContext-mysql-beetlsql.xml}', classes = '{}', contextInitializerClasses = '[]', activeProfiles = '{}', propertySourceLocations = '{}', propertySourceProperties = '{}', contextLoader = 'org.springframework.test.context.support.DelegatingSmartContextLoader', parent = [null]]]; transaction manager [org.springframework.jdbc.datasource.DataSourceTransactionManager@41ab013]; rollback [true]
16:05:44.959 Rolled back transaction for test context [DefaultTestContext@5fdba6f9 testClass = GeneralUserTest, testInstance = org.beetl.sql.test.mysql.GeneralUserTest@5a4041cc, testMethod = testQuery@GeneralUserTest, testException = java.lang.ClassCastException: java.lang.Integer cannot be cast to java.lang.Long, mergedContextConfiguration = [MergedContextConfiguration@10d59286 testClass = GeneralUserTest, locations = '{classpath:applicationContext-mysql-beetlsql.xml}', classes = '{}', contextInitializerClasses = '[]', activeProfiles = '{}', propertySourceLocations = '{}', propertySourceProperties = '{}', contextLoader = 'org.springframework.test.context.support.DelegatingSmartContextLoader', parent = [null]]].
16:05:44.965 Closing org.springframework.context.support.GenericApplicationContext@f4168b8: startup date [Thu Sep 01 16:05:43 CST 2016]; root of context hierarchy
16:05:44.975 {dataSource-1} closed
16:06:34.573 Loaded default TestExecutionListener class names from location [META-INF/spring.factories]: [org.springframework.test.context.web.ServletTestExecutionListener, org.springframework.test.context.support.DirtiesContextBeforeModesTestExecutionListener, org.springframework.test.context.support.DependencyInjectionTestExecutionListener, org.springframework.test.context.support.DirtiesContextTestExecutionListener, org.springframework.test.context.transaction.TransactionalTestExecutionListener, org.springframework.test.context.jdbc.SqlScriptsTestExecutionListener]
16:06:34.584 Using TestExecutionListeners: [org.springframework.test.context.web.ServletTestExecutionListener@706a04ae, org.springframework.test.context.support.DirtiesContextBeforeModesTestExecutionListener@6eceb130, org.springframework.test.context.support.DependencyInjectionTestExecutionListener@10a035a0, org.springframework.test.context.support.DirtiesContextTestExecutionListener@67b467e9, org.springframework.test.context.transaction.TransactionalTestExecutionListener@47db50c5, org.springframework.test.context.jdbc.SqlScriptsTestExecutionListener@5c072e3f]
16:06:34.665 Loading XML bean definitions from class path resource [applicationContext-mysql-beetlsql.xml]
16:06:34.814 Refreshing org.springframework.context.support.GenericApplicationContext@1188e820: startup date [Thu Sep 01 16:06:34 CST 2016]; root of context hierarchy
16:06:34.904 Loading properties file from class path resource [mysql-application.properties]
16:06:35.323 {dataSource-1} inited
16:06:35.536 Began transaction (1) for test context [DefaultTestContext@52525845 testClass = GeneralUserTest, testInstance = org.beetl.sql.test.mysql.GeneralUserTest@7ba18f1b, testMethod = testQuery@GeneralUserTest, testException = [null], mergedContextConfiguration = [MergedContextConfiguration@3b94d659 testClass = GeneralUserTest, locations = '{classpath:applicationContext-mysql-beetlsql.xml}', classes = '{}', contextInitializerClasses = '[]', activeProfiles = '{}', propertySourceLocations = '{}', propertySourceProperties = '{}', contextLoader = 'org.springframework.test.context.support.DelegatingSmartContextLoader', parent = [null]]]; transaction manager [org.springframework.jdbc.datasource.DataSourceTransactionManager@43b9fd5]; rollback [true]
16:06:36.305 Rolled back transaction for test context [DefaultTestContext@52525845 testClass = GeneralUserTest, testInstance = org.beetl.sql.test.mysql.GeneralUserTest@7ba18f1b, testMethod = testQuery@GeneralUserTest, testException = [null], mergedContextConfiguration = [MergedContextConfiguration@3b94d659 testClass = GeneralUserTest, locations = '{classpath:applicationContext-mysql-beetlsql.xml}', classes = '{}', contextInitializerClasses = '[]', activeProfiles = '{}', propertySourceLocations = '{}', propertySourceProperties = '{}', contextLoader = 'org.springframework.test.context.support.DelegatingSmartContextLoader', parent = [null]]].
16:06:36.309 Closing org.springframework.context.support.GenericApplicationContext@1188e820: startup date [Thu Sep 01 16:06:34 CST 2016]; root of context hierarchy
16:06:36.319 {dataSource-1} closed
