2016-09-19 10:56:42,466 INFO org.springframework.test.context.support.DefaultTestContextBootstrapper:259 - Loaded default TestExecutionListener class names from location [META-INF/spring.factories]: [org.springframework.test.context.web.ServletTestExecutionListener, org.springframework.test.context.support.DirtiesContextBeforeModesTestExecutionListener, org.springframework.test.context.support.DependencyInjectionTestExecutionListener, org.springframework.test.context.support.DirtiesContextTestExecutionListener, org.springframework.test.context.transaction.TransactionalTestExecutionListener, org.springframework.test.context.jdbc.SqlScriptsTestExecutionListener]
2016-09-19 10:56:42,497 INFO org.springframework.test.context.support.DefaultTestContextBootstrapper:185 - Using TestExecutionListeners: [org.springframework.test.context.web.ServletTestExecutionListener@6eceb130, org.springframework.test.context.support.DirtiesContextBeforeModesTestExecutionListener@10a035a0, org.springframework.test.context.support.DependencyInjectionTestExecutionListener@67b467e9, org.springframework.test.context.support.DirtiesContextTestExecutionListener@47db50c5, org.springframework.test.context.transaction.TransactionalTestExecutionListener@5c072e3f, org.springframework.test.context.jdbc.SqlScriptsTestExecutionListener@4d1b0d2a]
2016-09-19 10:56:42,628 INFO org.springframework.beans.factory.xml.XmlBeanDefinitionReader:317 - Loading XML bean definitions from class path resource [applicationContext-mysql-beetlsql.xml]
2016-09-19 10:56:42,956 INFO org.springframework.context.support.GenericApplicationContext:577 - Refreshing org.springframework.context.support.GenericApplicationContext@1188e820: startup date [Mon Sep 19 10:56:42 CST 2016]; root of context hierarchy
2016-09-19 10:56:43,142 INFO org.springframework.context.support.PropertySourcesPlaceholderConfigurer:172 - Loading properties file from class path resource [mysql-application.properties]
2016-09-19 10:56:43,801 INFO com.alibaba.druid.pool.DruidDataSource:669 - {dataSource-1} inited
2016-09-19 10:56:44,436 INFO org.springframework.test.context.transaction.TransactionContext:101 - Began transaction (1) for test context [DefaultTestContext@3f9342d4 testClass = KeysTest, testInstance = org.beetl.sql.test.mysql.KeysTest@ab7395e, testMethod = testUpate@KeysTest, testException = [null], mergedContextConfiguration = [MergedContextConfiguration@5b7a8434 testClass = KeysTest, locations = '{classpath:applicationContext-mysql-beetlsql.xml}', classes = '{}', contextInitializerClasses = '[]', activeProfiles = '{}', propertySourceLocations = '{}', propertySourceProperties = '{}', contextLoader = 'org.springframework.test.context.support.DelegatingSmartContextLoader', parent = [null]]]; transaction manager [org.springframework.jdbc.datasource.DataSourceTransactionManager@50d13246]; rollback [true]
2016-09-19 10:56:45,436 ERROR org.beetl.xlsunit.RowJPAInputHolder:161 - 保存数据出错,位置是XLSPoistion [file=user/keys.xlsx, sheet=update, line =7]
java.lang.RuntimeException:  查询数据MUTIPLE_KEYS 出错，在XLSPoistion [file=user/keys.xlsx, sheet=update, line =7]
	at org.beetl.xlsunit.RowOrmOutputHolder.fetchAndCompareOne(RowOrmOutputHolder.java:143) ~[xlsunit-1.0.2.jar:na]
	at org.beetl.xlsunit.RowOutputHolder.addRow(RowOutputHolder.java:134) [xlsunit-1.0.2.jar:na]
	at org.beetl.xlsunit.XLSSheetReader.readSheet(XLSSheetReader.java:93) [xlsunit-1.0.2.jar:na]
	at org.beetl.xlsunit.XLSParser.test(XLSParser.java:122) [xlsunit-1.0.2.jar:na]
	at org.beetl.sql.test.mysql.KeysTest.testUpate(KeysTest.java:42) [test-classes/:na]
	at sun.reflect.NativeMethodAccessorImpl.invoke0(Native Method) ~[na:1.8.0_73]
	at sun.reflect.NativeMethodAccessorImpl.invoke(NativeMethodAccessorImpl.java:62) ~[na:1.8.0_73]
	at sun.reflect.DelegatingMethodAccessorImpl.invoke(DelegatingMethodAccessorImpl.java:43) ~[na:1.8.0_73]
	at java.lang.reflect.Method.invoke(Method.java:497) ~[na:1.8.0_73]
	at org.junit.runners.model.FrameworkMethod$1.runReflectiveCall(FrameworkMethod.java:50) [junit-4.12.jar:4.12]
	at org.junit.internal.runners.model.ReflectiveCallable.run(ReflectiveCallable.java:12) [junit-4.12.jar:4.12]
	at org.junit.runners.model.FrameworkMethod.invokeExplosively(FrameworkMethod.java:47) [junit-4.12.jar:4.12]
	at org.junit.internal.runners.statements.InvokeMethod.evaluate(InvokeMethod.java:17) [junit-4.12.jar:4.12]
	at org.junit.internal.runners.statements.RunBefores.evaluate(RunBefores.java:26) [junit-4.12.jar:4.12]
	at org.springframework.test.context.junit4.statements.RunBeforeTestMethodCallbacks.evaluate(RunBeforeTestMethodCallbacks.java:75) [spring-test-4.2.3.RELEASE.jar:4.2.3.RELEASE]
	at org.springframework.test.context.junit4.statements.RunAfterTestMethodCallbacks.evaluate(RunAfterTestMethodCallbacks.java:86) [spring-test-4.2.3.RELEASE.jar:4.2.3.RELEASE]
	at org.springframework.test.context.junit4.statements.SpringRepeat.evaluate(SpringRepeat.java:84) [spring-test-4.2.3.RELEASE.jar:4.2.3.RELEASE]
	at org.junit.runners.ParentRunner.runLeaf(ParentRunner.java:325) [junit-4.12.jar:4.12]
	at org.springframework.test.context.junit4.SpringJUnit4ClassRunner.runChild(SpringJUnit4ClassRunner.java:254) [spring-test-4.2.3.RELEASE.jar:4.2.3.RELEASE]
	at org.springframework.test.context.junit4.SpringJUnit4ClassRunner.runChild(SpringJUnit4ClassRunner.java:89) [spring-test-4.2.3.RELEASE.jar:4.2.3.RELEASE]
	at org.junit.runners.ParentRunner$3.run(ParentRunner.java:290) [junit-4.12.jar:4.12]
	at org.junit.runners.ParentRunner$1.schedule(ParentRunner.java:71) [junit-4.12.jar:4.12]
	at org.junit.runners.ParentRunner.runChildren(ParentRunner.java:288) [junit-4.12.jar:4.12]
	at org.junit.runners.ParentRunner.access$000(ParentRunner.java:58) [junit-4.12.jar:4.12]
	at org.junit.runners.ParentRunner$2.evaluate(ParentRunner.java:268) [junit-4.12.jar:4.12]
	at org.junit.internal.runners.statements.RunBefores.evaluate(RunBefores.java:26) [junit-4.12.jar:4.12]
	at org.springframework.test.context.junit4.statements.RunBeforeTestClassCallbacks.evaluate(RunBeforeTestClassCallbacks.java:61) [spring-test-4.2.3.RELEASE.jar:4.2.3.RELEASE]
	at org.springframework.test.context.junit4.statements.RunAfterTestClassCallbacks.evaluate(RunAfterTestClassCallbacks.java:70) [spring-test-4.2.3.RELEASE.jar:4.2.3.RELEASE]
	at org.junit.runners.ParentRunner.run(ParentRunner.java:363) [junit-4.12.jar:4.12]
	at org.springframework.test.context.junit4.SpringJUnit4ClassRunner.run(SpringJUnit4ClassRunner.java:193) [spring-test-4.2.3.RELEASE.jar:4.2.3.RELEASE]
	at org.eclipse.jdt.internal.junit4.runner.JUnit4TestReference.run(JUnit4TestReference.java:86) [.cp/:na]
	at org.eclipse.jdt.internal.junit.runner.TestExecution.run(TestExecution.java:38) [.cp/:na]
	at org.eclipse.jdt.internal.junit.runner.RemoteTestRunner.runTests(RemoteTestRunner.java:459) [.cp/:na]
	at org.eclipse.jdt.internal.junit.runner.RemoteTestRunner.runTests(RemoteTestRunner.java:675) [.cp/:na]
	at org.eclipse.jdt.internal.junit.runner.RemoteTestRunner.run(RemoteTestRunner.java:382) [.cp/:na]
	at org.eclipse.jdt.internal.junit.runner.RemoteTestRunner.main(RemoteTestRunner.java:192) [.cp/:na]
Caused by: org.beetl.sql.core.BeetlSQLException: 无法设置复合主键:userName
	at org.beetl.sql.core.SQLScript.setIdsParas(SQLScript.java:750) ~[classes/:na]
	at org.beetl.sql.core.SQLScript.single(SQLScript.java:514) ~[classes/:na]
	at org.beetl.sql.core.SQLScript.unique(SQLScript.java:501) ~[classes/:na]
	at org.beetl.sql.core.SQLManager.unique(SQLManager.java:507) ~[classes/:na]
	at org.beetl.xlsunit.BeetlSQLDatabaseAccess.findById(BeetlSQLDatabaseAccess.java:34) ~[xlsunit-1.0.2.jar:na]
	at org.beetl.xlsunit.RowOrmOutputHolder.fetchAndCompareOne(RowOrmOutputHolder.java:136) ~[xlsunit-1.0.2.jar:na]
	... 35 common frames omitted
Caused by: java.lang.IllegalArgumentException: object is not an instance of declaring class
	at sun.reflect.NativeMethodAccessorImpl.invoke0(Native Method) ~[na:1.8.0_73]
	at sun.reflect.NativeMethodAccessorImpl.invoke(NativeMethodAccessorImpl.java:62) ~[na:1.8.0_73]
	at sun.reflect.DelegatingMethodAccessorImpl.invoke(DelegatingMethodAccessorImpl.java:43) ~[na:1.8.0_73]
	at java.lang.reflect.Method.invoke(Method.java:497) ~[na:1.8.0_73]
	at org.beetl.sql.core.SQLScript.setIdsParas(SQLScript.java:747) ~[classes/:na]
	... 40 common frames omitted
2016-09-19 10:56:45,483 INFO org.springframework.test.context.transaction.TransactionContext:136 - Rolled back transaction for test context [DefaultTestContext@3f9342d4 testClass = KeysTest, testInstance = org.beetl.sql.test.mysql.KeysTest@ab7395e, testMethod = testUpate@KeysTest, testException = java.lang.RuntimeException:  查询数据MUTIPLE_KEYS 出错，在XLSPoistion [file=user/keys.xlsx, sheet=update, line =7], mergedContextConfiguration = [MergedContextConfiguration@5b7a8434 testClass = KeysTest, locations = '{classpath:applicationContext-mysql-beetlsql.xml}', classes = '{}', contextInitializerClasses = '[]', activeProfiles = '{}', propertySourceLocations = '{}', propertySourceProperties = '{}', contextLoader = 'org.springframework.test.context.support.DelegatingSmartContextLoader', parent = [null]]].
2016-09-19 10:56:45,487 INFO org.springframework.context.support.GenericApplicationContext:957 - Closing org.springframework.context.support.GenericApplicationContext@1188e820: startup date [Mon Sep 19 10:56:42 CST 2016]; root of context hierarchy
2016-09-19 10:56:45,493 INFO com.alibaba.druid.pool.DruidDataSource:1385 - {dataSource-1} closed
2016-09-19 10:57:20,189 INFO org.springframework.test.context.support.DefaultTestContextBootstrapper:259 - Loaded default TestExecutionListener class names from location [META-INF/spring.factories]: [org.springframework.test.context.web.ServletTestExecutionListener, org.springframework.test.context.support.DirtiesContextBeforeModesTestExecutionListener, org.springframework.test.context.support.DependencyInjectionTestExecutionListener, org.springframework.test.context.support.DirtiesContextTestExecutionListener, org.springframework.test.context.transaction.TransactionalTestExecutionListener, org.springframework.test.context.jdbc.SqlScriptsTestExecutionListener]
2016-09-19 10:57:20,206 INFO org.springframework.test.context.support.DefaultTestContextBootstrapper:185 - Using TestExecutionListeners: [org.springframework.test.context.web.ServletTestExecutionListener@482bce4f, org.springframework.test.context.support.DirtiesContextBeforeModesTestExecutionListener@366647c2, org.springframework.test.context.support.DependencyInjectionTestExecutionListener@6a6afff2, org.springframework.test.context.support.DirtiesContextTestExecutionListener@1649b0e6, org.springframework.test.context.transaction.TransactionalTestExecutionListener@865dd6, org.springframework.test.context.jdbc.SqlScriptsTestExecutionListener@4da4253]
2016-09-19 10:57:20,300 INFO org.springframework.beans.factory.xml.XmlBeanDefinitionReader:317 - Loading XML bean definitions from class path resource [applicationContext-mysql-beetlsql.xml]
2016-09-19 10:57:20,468 INFO org.springframework.context.support.GenericApplicationContext:577 - Refreshing org.springframework.context.support.GenericApplicationContext@72035809: startup date [Mon Sep 19 10:57:20 CST 2016]; root of context hierarchy
2016-09-19 10:57:20,559 INFO org.springframework.context.support.PropertySourcesPlaceholderConfigurer:172 - Loading properties file from class path resource [mysql-application.properties]
2016-09-19 10:57:20,991 INFO com.alibaba.druid.pool.DruidDataSource:669 - {dataSource-1} inited
2016-09-19 10:57:21,316 INFO org.springframework.test.context.transaction.TransactionContext:101 - Began transaction (1) for test context [DefaultTestContext@1e6308a9 testClass = KeysTest, testInstance = org.beetl.sql.test.mysql.KeysTest@30cecdca, testMethod = testUpate@KeysTest, testException = [null], mergedContextConfiguration = [MergedContextConfiguration@771158fb testClass = KeysTest, locations = '{classpath:applicationContext-mysql-beetlsql.xml}', classes = '{}', contextInitializerClasses = '[]', activeProfiles = '{}', propertySourceLocations = '{}', propertySourceProperties = '{}', contextLoader = 'org.springframework.test.context.support.DelegatingSmartContextLoader', parent = [null]]]; transaction manager [org.springframework.jdbc.datasource.DataSourceTransactionManager@6edc4161]; rollback [true]
